Archive member included to satisfy reference by file (symbol)

c:/progra~2/gnuarm~1/102021~1.10/bin/../lib/gcc/arm-none-eabi/10.3.1/../../../../arm-none-eabi/lib/thumb/v7-m/nofp\libg.a(lib_a-errno.o)
                              CMakeFiles/STM32.elf.dir/Core/Src/syscalls.c.obj (__errno)
c:/progra~2/gnuarm~1/102021~1.10/bin/../lib/gcc/arm-none-eabi/10.3.1/../../../../arm-none-eabi/lib/thumb/v7-m/nofp\libg.a(lib_a-exit.o)
                              c:/progra~2/gnuarm~1/102021~1.10/bin/../lib/gcc/arm-none-eabi/10.3.1/../../../../arm-none-eabi/lib/thumb/v7-m/nofp/crt0.o (exit)
c:/progra~2/gnuarm~1/102021~1.10/bin/../lib/gcc/arm-none-eabi/10.3.1/../../../../arm-none-eabi/lib/thumb/v7-m/nofp\libg.a(lib_a-impure.o)
                              c:/progra~2/gnuarm~1/102021~1.10/bin/../lib/gcc/arm-none-eabi/10.3.1/../../../../arm-none-eabi/lib/thumb/v7-m/nofp\libg.a(lib_a-exit.o) (_global_impure_ptr)
c:/progra~2/gnuarm~1/102021~1.10/bin/../lib/gcc/arm-none-eabi/10.3.1/../../../../arm-none-eabi/lib/thumb/v7-m/nofp\libg.a(lib_a-init.o)
                              c:/progra~2/gnuarm~1/102021~1.10/bin/../lib/gcc/arm-none-eabi/10.3.1/../../../../arm-none-eabi/lib/thumb/v7-m/nofp/crt0.o (__libc_init_array)
c:/progra~2/gnuarm~1/102021~1.10/bin/../lib/gcc/arm-none-eabi/10.3.1/../../../../arm-none-eabi/lib/thumb/v7-m/nofp\libg.a(lib_a-memset.o)
                              c:/progra~2/gnuarm~1/102021~1.10/bin/../lib/gcc/arm-none-eabi/10.3.1/../../../../arm-none-eabi/lib/thumb/v7-m/nofp/crt0.o (memset)
c:/progra~2/gnuarm~1/102021~1.10/bin/../lib/gcc/arm-none-eabi/10.3.1/../../../../arm-none-eabi/lib/thumb/v7-m/nofp\libg.a(lib_a-__call_atexit.o)
                              c:/progra~2/gnuarm~1/102021~1.10/bin/../lib/gcc/arm-none-eabi/10.3.1/../../../../arm-none-eabi/lib/thumb/v7-m/nofp\libg.a(lib_a-exit.o) (__call_exitprocs)
c:/progra~2/gnuarm~1/102021~1.10/bin/../lib/gcc/arm-none-eabi/10.3.1/../../../../arm-none-eabi/lib/thumb/v7-m/nofp\libg.a(lib_a-atexit.o)
                              c:/progra~2/gnuarm~1/102021~1.10/bin/../lib/gcc/arm-none-eabi/10.3.1/../../../../arm-none-eabi/lib/thumb/v7-m/nofp\libg.a(lib_a-__call_atexit.o) (atexit)
c:/progra~2/gnuarm~1/102021~1.10/bin/../lib/gcc/arm-none-eabi/10.3.1/../../../../arm-none-eabi/lib/thumb/v7-m/nofp\libg.a(lib_a-fini.o)
                              c:/progra~2/gnuarm~1/102021~1.10/bin/../lib/gcc/arm-none-eabi/10.3.1/../../../../arm-none-eabi/lib/thumb/v7-m/nofp\libg.a(lib_a-__call_atexit.o) (__libc_fini_array)
c:/progra~2/gnuarm~1/102021~1.10/bin/../lib/gcc/arm-none-eabi/10.3.1/../../../../arm-none-eabi/lib/thumb/v7-m/nofp\libg.a(lib_a-lock.o)
                              c:/progra~2/gnuarm~1/102021~1.10/bin/../lib/gcc/arm-none-eabi/10.3.1/../../../../arm-none-eabi/lib/thumb/v7-m/nofp\libg.a(lib_a-__call_atexit.o) (__retarget_lock_acquire_recursive)
c:/progra~2/gnuarm~1/102021~1.10/bin/../lib/gcc/arm-none-eabi/10.3.1/../../../../arm-none-eabi/lib/thumb/v7-m/nofp\libg.a(lib_a-__atexit.o)
                              c:/progra~2/gnuarm~1/102021~1.10/bin/../lib/gcc/arm-none-eabi/10.3.1/../../../../arm-none-eabi/lib/thumb/v7-m/nofp\libg.a(lib_a-atexit.o) (__register_exitproc)

Discarded input sections

 .text          0x00000000        0x0 c:/progra~2/gnuarm~1/102021~1.10/bin/../lib/gcc/arm-none-eabi/10.3.1/thumb/v7-m/nofp/crti.o
 .data          0x00000000        0x0 c:/progra~2/gnuarm~1/102021~1.10/bin/../lib/gcc/arm-none-eabi/10.3.1/thumb/v7-m/nofp/crti.o
 .bss           0x00000000        0x0 c:/progra~2/gnuarm~1/102021~1.10/bin/../lib/gcc/arm-none-eabi/10.3.1/thumb/v7-m/nofp/crti.o
 .data          0x00000000        0x4 c:/progra~2/gnuarm~1/102021~1.10/bin/../lib/gcc/arm-none-eabi/10.3.1/thumb/v7-m/nofp/crtbegin.o
 .rodata        0x00000000       0x24 c:/progra~2/gnuarm~1/102021~1.10/bin/../lib/gcc/arm-none-eabi/10.3.1/thumb/v7-m/nofp/crtbegin.o
 .text          0x00000000       0x7c c:/progra~2/gnuarm~1/102021~1.10/bin/../lib/gcc/arm-none-eabi/10.3.1/../../../../arm-none-eabi/lib/thumb/v7-m/nofp/crt0.o
 .data          0x00000000        0x0 c:/progra~2/gnuarm~1/102021~1.10/bin/../lib/gcc/arm-none-eabi/10.3.1/../../../../arm-none-eabi/lib/thumb/v7-m/nofp/crt0.o
 .bss           0x00000000        0x0 c:/progra~2/gnuarm~1/102021~1.10/bin/../lib/gcc/arm-none-eabi/10.3.1/../../../../arm-none-eabi/lib/thumb/v7-m/nofp/crt0.o
 .ARM.extab     0x00000000        0x0 c:/progra~2/gnuarm~1/102021~1.10/bin/../lib/gcc/arm-none-eabi/10.3.1/../../../../arm-none-eabi/lib/thumb/v7-m/nofp/crt0.o
 .ARM.exidx     0x00000000       0x10 c:/progra~2/gnuarm~1/102021~1.10/bin/../lib/gcc/arm-none-eabi/10.3.1/../../../../arm-none-eabi/lib/thumb/v7-m/nofp/crt0.o
 .ARM.attributes
                0x00000000       0x1b c:/progra~2/gnuarm~1/102021~1.10/bin/../lib/gcc/arm-none-eabi/10.3.1/../../../../arm-none-eabi/lib/thumb/v7-m/nofp/crt0.o
 .text          0x00000000        0x0 CMakeFiles/STM32.elf.dir/Core/Src/gpio.c.obj
[...]
Memory Configuration

Name             Origin             Length             Attributes
RAM              0x20000000         0x00005000         xrw
FLASH            0x08000000         0x00010000         xr
*default*        0x00000000         0xffffffff

Linker script and memory map

LOAD c:/progra~2/gnuarm~1/102021~1.10/bin/../lib/gcc/arm-none-eabi/10.3.1/thumb/v7-m/nofp/crti.o
LOAD c:/progra~2/gnuarm~1/102021~1.10/bin/../lib/gcc/arm-none-eabi/10.3.1/thumb/v7-m/nofp/crtbegin.o
LOAD c:/progra~2/gnuarm~1/102021~1.10/bin/../lib/gcc/arm-none-eabi/10.3.1/../../../../arm-none-eabi/lib/thumb/v7-m/nofp/crt0.o
LOAD CMakeFiles/STM32.elf.dir/Core/Src/gpio.c.obj
LOAD CMakeFiles/STM32.elf.dir/Core/Src/main.c.obj
LOAD CMakeFiles/STM32.elf.dir/Core/Src/stm32f1xx_hal_msp.c.obj
LOAD CMakeFiles/STM32.elf.dir/Core/Src/stm32f1xx_it.c.obj
LOAD CMakeFiles/STM32.elf.dir/Core/Src/syscalls.c.obj
LOAD CMakeFiles/STM32.elf.dir/Core/Src/sysmem.c.obj
LOAD CMakeFiles/STM32.elf.dir/Core/Src/system_stm32f1xx.c.obj
LOAD CMakeFiles/STM32.elf.dir/Core/Src/tim.c.obj
LOAD CMakeFiles/STM32.elf.dir/Core/Startup/startup_stm32f103c8tx.s.obj
LOAD CMakeFiles/STM32.elf.dir/Drivers/STM32F1xx_HAL_Driver/Src/stm32f1xx_hal.c.obj
LOAD CMakeFiles/STM32.elf.dir/Drivers/STM32F1xx_HAL_Driver/Src/stm32f1xx_hal_cortex.c.obj
LOAD CMakeFiles/STM32.elf.dir/Drivers/STM32F1xx_HAL_Driver/Src/stm32f1xx_hal_dma.c.obj
LOAD CMakeFiles/STM32.elf.dir/Drivers/STM32F1xx_HAL_Driver/Src/stm32f1xx_hal_exti.c.obj
LOAD CMakeFiles/STM32.elf.dir/Drivers/STM32F1xx_HAL_Driver/Src/stm32f1xx_hal_flash.c.obj
LOAD CMakeFiles/STM32.elf.dir/Drivers/STM32F1xx_HAL_Driver/Src/stm32f1xx_hal_flash_ex.c.obj
LOAD CMakeFiles/STM32.elf.dir/Drivers/STM32F1xx_HAL_Driver/Src/stm32f1xx_hal_gpio.c.obj
LOAD CMakeFiles/STM32.elf.dir/Drivers/STM32F1xx_HAL_Driver/Src/stm32f1xx_hal_gpio_ex.c.obj
LOAD CMakeFiles/STM32.elf.dir/Drivers/STM32F1xx_HAL_Driver/Src/stm32f1xx_hal_pwr.c.obj
LOAD CMakeFiles/STM32.elf.dir/Drivers/STM32F1xx_HAL_Driver/Src/stm32f1xx_hal_rcc.c.obj
LOAD CMakeFiles/STM32.elf.dir/Drivers/STM32F1xx_HAL_Driver/Src/stm32f1xx_hal_rcc_ex.c.obj
LOAD CMakeFiles/STM32.elf.dir/Drivers/STM32F1xx_HAL_Driver/Src/stm32f1xx_hal_tim.c.obj
LOAD CMakeFiles/STM32.elf.dir/Drivers/STM32F1xx_HAL_Driver/Src/stm32f1xx_hal_tim_ex.c.obj
START GROUP
LOAD c:/progra~2/gnuarm~1/102021~1.10/bin/../lib/gcc/arm-none-eabi/10.3.1/thumb/v7-m/nofp\libgcc.a
LOAD c:/progra~2/gnuarm~1/102021~1.10/bin/../lib/gcc/arm-none-eabi/10.3.1/../../../../arm-none-eabi/lib/thumb/v7-m/nofp\libg.a
LOAD c:/progra~2/gnuarm~1/102021~1.10/bin/../lib/gcc/arm-none-eabi/10.3.1/../../../../arm-none-eabi/lib/thumb/v7-m/nofp\libc.a
END GROUP
LOAD c:/progra~2/gnuarm~1/102021~1.10/bin/../lib/gcc/arm-none-eabi/10.3.1/thumb/v7-m/nofp/crtend.o
LOAD c:/progra~2/gnuarm~1/102021~1.10/bin/../lib/gcc/arm-none-eabi/10.3.1/thumb/v7-m/nofp/crtn.o
                0x20005000                _estack = (ORIGIN (RAM) + LENGTH (RAM))
                0x00000200                _Min_Heap_Size = 0x200
                0x00000400                _Min_Stack_Size = 0x400

.isr_vector     0x08000000      0x10c
                0x08000000                . = ALIGN (0x4)
 *(.isr_vector)
 .isr_vector    0x08000000      0x10c CMakeFiles/STM32.elf.dir/Core/Startup/startup_stm32f103c8tx.s.obj
                0x08000000                g_pfnVectors
                0x0800010c                . = ALIGN (0x4)

.text           0x0800010c     0x117c
                0x0800010c                . = ALIGN (0x4)
 *(.text)
 .text          0x0800010c       0x40 c:/progra~2/gnuarm~1/102021~1.10/bin/../lib/gcc/arm-none-eabi/10.3.1/thumb/v7-m/nofp/crtbegin.o
 *(.text*)
 .text.MX_GPIO_Init
                0x0800014c       0xd0 CMakeFiles/STM32.elf.dir/Core/Src/gpio.c.obj
                0x0800014c                MX_GPIO_Init
 .text.Error_Handler
                0x0800021c        0x4 CMakeFiles/STM32.elf.dir/Core/Src/main.c.obj
                0x0800021c                Error_Handler
 .text.SystemClock_Config
                0x08000220       0x64 CMakeFiles/STM32.elf.dir/Core/Src/main.c.obj
                0x08000220                SystemClock_Config
 .text.main     0x08000284       0x14 CMakeFiles/STM32.elf.dir/Core/Src/main.c.obj
                0x08000284                main
 .text.HAL_MspInit
                0x08000298       0x44 CMakeFiles/STM32.elf.dir/Core/Src/stm32f1xx_hal_msp.c.obj
                0x08000298                HAL_MspInit
 .text.NMI_Handler
                0x080002dc        0x2 CMakeFiles/STM32.elf.dir/Core/Src/stm32f1xx_it.c.obj
                0x080002dc                NMI_Handler
 .text.HardFault_Handler
                0x080002de        0x2 CMakeFiles/STM32.elf.dir/Core/Src/stm32f1xx_it.c.obj
                0x080002de                HardFault_Handler
 .text.MemManage_Handler
                0x080002e0        0x2 CMakeFiles/STM32.elf.dir/Core/Src/stm32f1xx_it.c.obj
                0x080002e0                MemManage_Handler
 .text.BusFault_Handler
                0x080002e2        0x2 CMakeFiles/STM32.elf.dir/Core/Src/stm32f1xx_it.c.obj
                0x080002e2                BusFault_Handler
 .text.UsageFault_Handler
                0x080002e4        0x2 CMakeFiles/STM32.elf.dir/Core/Src/stm32f1xx_it.c.obj
                0x080002e4                UsageFault_Handler
 .text.SVC_Handler
                0x080002e6        0x2 CMakeFiles/STM32.elf.dir/Core/Src/stm32f1xx_it.c.obj
                0x080002e6                SVC_Handler
 .text.DebugMon_Handler
                0x080002e8        0x2 CMakeFiles/STM32.elf.dir/Core/Src/stm32f1xx_it.c.obj
                0x080002e8                DebugMon_Handler
 .text.PendSV_Handler
                0x080002ea        0x2 CMakeFiles/STM32.elf.dir/Core/Src/stm32f1xx_it.c.obj
                0x080002ea                PendSV_Handler
 .text.SysTick_Handler
                0x080002ec        0x8 CMakeFiles/STM32.elf.dir/Core/Src/stm32f1xx_it.c.obj
                0x080002ec                SysTick_Handler
 .text.EXTI0_IRQHandler
                0x080002f4        0xa CMakeFiles/STM32.elf.dir/Core/Src/stm32f1xx_it.c.obj
                0x080002f4                EXTI0_IRQHandler
 .text.EXTI4_IRQHandler
                0x080002fe        0xa CMakeFiles/STM32.elf.dir/Core/Src/stm32f1xx_it.c.obj
                0x080002fe                EXTI4_IRQHandler
 .text.EXTI9_5_IRQHandler
                0x08000308       0x16 CMakeFiles/STM32.elf.dir/Core/Src/stm32f1xx_it.c.obj
                0x08000308                EXTI9_5_IRQHandler
 .text.SystemInit
                0x0800031e        0x2 CMakeFiles/STM32.elf.dir/Core/Src/system_stm32f1xx.c.obj
                0x0800031e                SystemInit
 .text.MX_TIM2_Init
                0x08000320       0x6c CMakeFiles/STM32.elf.dir/Core/Src/tim.c.obj
                0x08000320                MX_TIM2_Init
 .text.HAL_TIM_Base_MspInit
                0x0800038c       0x74 CMakeFiles/STM32.elf.dir/Core/Src/tim.c.obj
                0x0800038c                HAL_TIM_Base_MspInit
 .text.Reset_Handler
                0x08000400       0x48 CMakeFiles/STM32.elf.dir/Core/Startup/startup_stm32f103c8tx.s.obj
                0x08000400                Reset_Handler
 .text.Default_Handler
                0x08000448        0x2 CMakeFiles/STM32.elf.dir/Core/Startup/startup_stm32f103c8tx.s.obj
                0x08000448                RTC_Alarm_IRQHandler
                0x08000448                EXTI2_IRQHandler
                0x08000448                TIM1_CC_IRQHandler
                0x08000448                PVD_IRQHandler
                0x08000448                EXTI3_IRQHandler
                0x08000448                I2C2_EV_IRQHandler
                0x08000448                ADC1_2_IRQHandler
                0x08000448                SPI1_IRQHandler
                0x08000448                TAMPER_IRQHandler
                0x08000448                DMA1_Channel4_IRQHandler
                0x08000448                USART3_IRQHandler
                0x08000448                RTC_IRQHandler
                0x08000448                DMA1_Channel7_IRQHandler
                0x08000448                CAN1_RX1_IRQHandler
                0x08000448                TIM4_IRQHandler
                0x08000448                I2C1_EV_IRQHandler
                0x08000448                DMA1_Channel6_IRQHandler
                0x08000448                TIM3_IRQHandler
                0x08000448                RCC_IRQHandler
                0x08000448                TIM1_TRG_COM_IRQHandler
                0x08000448                DMA1_Channel1_IRQHandler
                0x08000448                Default_Handler
                0x08000448                EXTI15_10_IRQHandler
                0x08000448                SPI2_IRQHandler
                0x08000448                DMA1_Channel5_IRQHandler
                0x08000448                USB_LP_CAN1_RX0_IRQHandler
                0x08000448                USB_HP_CAN1_TX_IRQHandler
                0x08000448                DMA1_Channel3_IRQHandler
                0x08000448                TIM1_UP_IRQHandler
                0x08000448                WWDG_IRQHandler
                0x08000448                TIM2_IRQHandler
                0x08000448                TIM1_BRK_IRQHandler
                0x08000448                EXTI1_IRQHandler
                0x08000448                USART2_IRQHandler
                0x08000448                I2C2_ER_IRQHandler
                0x08000448                DMA1_Channel2_IRQHandler
                0x08000448                CAN1_SCE_IRQHandler
                0x08000448                FLASH_IRQHandler
                0x08000448                USART1_IRQHandler
                0x08000448                I2C1_ER_IRQHandler
                0x08000448                USBWakeUp_IRQHandler
 *fill*         0x0800044a        0x2 
 .text.HAL_InitTick
                0x0800044c       0x4c CMakeFiles/STM32.elf.dir/Drivers/STM32F1xx_HAL_Driver/Src/stm32f1xx_hal.c.obj
                0x0800044c                HAL_InitTick
 .text.HAL_Init
                0x08000498       0x24 CMakeFiles/STM32.elf.dir/Drivers/STM32F1xx_HAL_Driver/Src/stm32f1xx_hal.c.obj
                0x08000498                HAL_Init
 .text.HAL_IncTick
                0x080004bc       0x18 CMakeFiles/STM32.elf.dir/Drivers/STM32F1xx_HAL_Driver/Src/stm32f1xx_hal.c.obj
                0x080004bc                HAL_IncTick
 .text.HAL_GetTick
                0x080004d4        0xc CMakeFiles/STM32.elf.dir/Drivers/STM32F1xx_HAL_Driver/Src/stm32f1xx_hal.c.obj
                0x080004d4                HAL_GetTick
 .text.HAL_NVIC_SetPriorityGrouping
                0x080004e0       0x24 CMakeFiles/STM32.elf.dir/Drivers/STM32F1xx_HAL_Driver/Src/stm32f1xx_hal_cortex.c.obj
                0x080004e0                HAL_NVIC_SetPriorityGrouping
 .text.HAL_NVIC_SetPriority
                0x08000504       0x70 CMakeFiles/STM32.elf.dir/Drivers/STM32F1xx_HAL_Driver/Src/stm32f1xx_hal_cortex.c.obj
                0x08000504                HAL_NVIC_SetPriority
 .text.HAL_NVIC_EnableIRQ
                0x08000574       0x1c CMakeFiles/STM32.elf.dir/Drivers/STM32F1xx_HAL_Driver/Src/stm32f1xx_hal_cortex.c.obj
                0x08000574                HAL_NVIC_EnableIRQ
 .text.HAL_SYSTICK_Config
                0x08000590       0x28 CMakeFiles/STM32.elf.dir/Drivers/STM32F1xx_HAL_Driver/Src/stm32f1xx_hal_cortex.c.obj
                0x08000590                HAL_SYSTICK_Config
 .text.HAL_GPIO_Init
                0x080005b8      0x224 CMakeFiles/STM32.elf.dir/Drivers/STM32F1xx_HAL_Driver/Src/stm32f1xx_hal_gpio.c.obj
                0x080005b8                HAL_GPIO_Init
 .text.HAL_GPIO_EXTI_Callback
                0x080007dc        0x2 CMakeFiles/STM32.elf.dir/Drivers/STM32F1xx_HAL_Driver/Src/stm32f1xx_hal_gpio.c.obj
                0x080007dc                HAL_GPIO_EXTI_Callback
 *fill*         0x080007de        0x2 
 .text.HAL_GPIO_EXTI_IRQHandler
                0x080007e0       0x1c CMakeFiles/STM32.elf.dir/Drivers/STM32F1xx_HAL_Driver/Src/stm32f1xx_hal_gpio.c.obj
                0x080007e0                HAL_GPIO_EXTI_IRQHandler
 .text.RCC_Delay
                0x080007fc       0x2c CMakeFiles/STM32.elf.dir/Drivers/STM32F1xx_HAL_Driver/Src/stm32f1xx_hal_rcc.c.obj
 .text.HAL_RCC_OscConfig
                0x08000828      0x410 CMakeFiles/STM32.elf.dir/Drivers/STM32F1xx_HAL_Driver/Src/stm32f1xx_hal_rcc.c.obj
                0x08000828                HAL_RCC_OscConfig
 .text.HAL_RCC_GetSysClockFreq
                0x08000c38       0x54 CMakeFiles/STM32.elf.dir/Drivers/STM32F1xx_HAL_Driver/Src/stm32f1xx_hal_rcc.c.obj
                0x08000c38                HAL_RCC_GetSysClockFreq
 .text.HAL_RCC_ClockConfig
                0x08000c8c      0x16c CMakeFiles/STM32.elf.dir/Drivers/STM32F1xx_HAL_Driver/Src/stm32f1xx_hal_rcc.c.obj
                0x08000c8c                HAL_RCC_ClockConfig
 .text.TIM_TI1_ConfigInputStage
                0x08000df8       0x24 CMakeFiles/STM32.elf.dir/Drivers/STM32F1xx_HAL_Driver/Src/stm32f1xx_hal_tim.c.obj
 .text.TIM_TI2_ConfigInputStage
                0x08000e1c       0x26 CMakeFiles/STM32.elf.dir/Drivers/STM32F1xx_HAL_Driver/Src/stm32f1xx_hal_tim.c.obj
 .text.TIM_ITRx_SetConfig
                0x08000e42       0x10 CMakeFiles/STM32.elf.dir/Drivers/STM32F1xx_HAL_Driver/Src/stm32f1xx_hal_tim.c.obj
 *fill*         0x08000e52        0x2 
 .text.TIM_Base_SetConfig
                0x08000e54       0x74 CMakeFiles/STM32.elf.dir/Drivers/STM32F1xx_HAL_Driver/Src/stm32f1xx_hal_tim.c.obj
                0x08000e54                TIM_Base_SetConfig
 .text.HAL_TIM_Base_Init
                0x08000ec8       0x58 CMakeFiles/STM32.elf.dir/Drivers/STM32F1xx_HAL_Driver/Src/stm32f1xx_hal_tim.c.obj
                0x08000ec8                HAL_TIM_Base_Init
 .text.TIM_ETR_SetConfig
                0x08000f20       0x18 CMakeFiles/STM32.elf.dir/Drivers/STM32F1xx_HAL_Driver/Src/stm32f1xx_hal_tim.c.obj
                0x08000f20                TIM_ETR_SetConfig
 .text.HAL_TIM_ConfigClockSource
                0x08000f38       0xfe CMakeFiles/STM32.elf.dir/Drivers/STM32F1xx_HAL_Driver/Src/stm32f1xx_hal_tim.c.obj
                0x08000f38                HAL_TIM_ConfigClockSource
 *fill*         0x08001036        0x2 
 .text.HAL_TIMEx_MasterConfigSynchronization
                0x08001038       0x6c CMakeFiles/STM32.elf.dir/Drivers/STM32F1xx_HAL_Driver/Src/stm32f1xx_hal_tim_ex.c.obj
                0x08001038                HAL_TIMEx_MasterConfigSynchronization
 .text.__libc_init_array
                0x080010a4       0x48 c:/progra~2/gnuarm~1/102021~1.10/bin/../lib/gcc/arm-none-eabi/10.3.1/../../../../arm-none-eabi/lib/thumb/v7-m/nofp\libg.a(lib_a-init.o)
                0x080010a4                __libc_init_array
 .text.memset   0x080010ec       0xa4 c:/progra~2/gnuarm~1/102021~1.10/bin/../lib/gcc/arm-none-eabi/10.3.1/../../../../arm-none-eabi/lib/thumb/v7-m/nofp\libg.a(lib_a-memset.o)
                0x080010ec                memset
 .text.startup.register_fini
                0x08001190       0x14 c:/progra~2/gnuarm~1/102021~1.10/bin/../lib/gcc/arm-none-eabi/10.3.1/../../../../arm-none-eabi/lib/thumb/v7-m/nofp\libg.a(lib_a-__call_atexit.o)
 .text.atexit   0x080011a4        0xc c:/progra~2/gnuarm~1/102021~1.10/bin/../lib/gcc/arm-none-eabi/10.3.1/../../../../arm-none-eabi/lib/thumb/v7-m/nofp\libg.a(lib_a-atexit.o)
                0x080011a4                atexit
 .text.__libc_fini_array
                0x080011b0       0x2c c:/progra~2/gnuarm~1/102021~1.10/bin/../lib/gcc/arm-none-eabi/10.3.1/../../../../arm-none-eabi/lib/thumb/v7-m/nofp\libg.a(lib_a-fini.o)
                0x080011b0                __libc_fini_array
 .text.__retarget_lock_acquire_recursive
                0x080011dc        0x4 c:/progra~2/gnuarm~1/102021~1.10/bin/../lib/gcc/arm-none-eabi/10.3.1/../../../../arm-none-eabi/lib/thumb/v7-m/nofp\libg.a(lib_a-lock.o)
                0x080011dc                __retarget_lock_acquire_recursive
 .text.__retarget_lock_release_recursive
                0x080011e0        0x4 c:/progra~2/gnuarm~1/102021~1.10/bin/../lib/gcc/arm-none-eabi/10.3.1/../../../../arm-none-eabi/lib/thumb/v7-m/nofp\libg.a(lib_a-lock.o)
                0x080011e0                __retarget_lock_release_recursive
 .text.__register_exitproc
                0x080011e4       0x8c c:/progra~2/gnuarm~1/102021~1.10/bin/../lib/gcc/arm-none-eabi/10.3.1/../../../../arm-none-eabi/lib/thumb/v7-m/nofp\libg.a(lib_a-__atexit.o)
                0x080011e4                __register_exitproc
 *(.glue_7)
 .glue_7        0x08001270        0x0 linker stubs
 *(.glue_7t)
 .glue_7t       0x08001270        0x0 linker stubs
 *(.eh_frame)
 .eh_frame      0x08001270        0x0 c:/progra~2/gnuarm~1/102021~1.10/bin/../lib/gcc/arm-none-eabi/10.3.1/thumb/v7-m/nofp/crtbegin.o
 *(.init)
 .init          0x08001270        0x4 c:/progra~2/gnuarm~1/102021~1.10/bin/../lib/gcc/arm-none-eabi/10.3.1/thumb/v7-m/nofp/crti.o
                0x08001270                _init
 .init          0x08001274        0x8 c:/progra~2/gnuarm~1/102021~1.10/bin/../lib/gcc/arm-none-eabi/10.3.1/thumb/v7-m/nofp/crtn.o
 *(.fini)
 .fini          0x0800127c        0x4 c:/progra~2/gnuarm~1/102021~1.10/bin/../lib/gcc/arm-none-eabi/10.3.1/thumb/v7-m/nofp/crti.o
                0x0800127c                _fini
 .fini          0x08001280        0x8 c:/progra~2/gnuarm~1/102021~1.10/bin/../lib/gcc/arm-none-eabi/10.3.1/thumb/v7-m/nofp/crtn.o
                0x08001288                . = ALIGN (0x4)
                0x08001288                _etext = .

.vfp11_veneer   0x08001288        0x0
 .vfp11_veneer  0x08001288        0x0 linker stubs

.v4_bx          0x08001288        0x0
 .v4_bx         0x08001288        0x0 linker stubs

.iplt           0x08001288        0x0
 .iplt          0x08001288        0x0 c:/progra~2/gnuarm~1/102021~1.10/bin/../lib/gcc/arm-none-eabi/10.3.1/thumb/v7-m/nofp/crtbegin.o

.rodata         0x08001288       0x28
                0x08001288                . = ALIGN (0x4)
 *(.rodata)
 *(.rodata*)
 .rodata.AHBPrescTable
                0x08001288       0x10 CMakeFiles/STM32.elf.dir/Core/Src/system_stm32f1xx.c.obj
                0x08001288                AHBPrescTable
 .rodata.aPLLMULFactorTable.1
                0x08001298       0x10 CMakeFiles/STM32.elf.dir/Drivers/STM32F1xx_HAL_Driver/Src/stm32f1xx_hal_rcc.c.obj
 .rodata.aPredivFactorTable.0
                0x080012a8        0x2 CMakeFiles/STM32.elf.dir/Drivers/STM32F1xx_HAL_Driver/Src/stm32f1xx_hal_rcc.c.obj
 *fill*         0x080012aa        0x2 
 .rodata._global_impure_ptr
                0x080012ac        0x4 c:/progra~2/gnuarm~1/102021~1.10/bin/../lib/gcc/arm-none-eabi/10.3.1/../../../../arm-none-eabi/lib/thumb/v7-m/nofp\libg.a(lib_a-impure.o)
                0x080012ac                _global_impure_ptr
                0x080012b0                . = ALIGN (0x4)

.rel.dyn        0x080012b0        0x0
 .rel.iplt      0x080012b0        0x0 c:/progra~2/gnuarm~1/102021~1.10/bin/../lib/gcc/arm-none-eabi/10.3.1/thumb/v7-m/nofp/crtbegin.o

.ARM.extab      0x080012b0        0x0
                0x080012b0                . = ALIGN (0x4)
 *(.ARM.extab* .gnu.linkonce.armextab.*)
                0x080012b0                . = ALIGN (0x4)

.ARM            0x080012b0        0x0
                0x080012b0                . = ALIGN (0x4)
                0x080012b0                __exidx_start = .
 *(.ARM.exidx*)
                0x080012b0                __exidx_end = .
                0x080012b0                . = ALIGN (0x4)

.preinit_array  0x080012b0        0x0
                0x080012b0                . = ALIGN (0x4)
                0x080012b0                PROVIDE (__preinit_array_start = .)
 *(.preinit_array*)
                0x080012b0                PROVIDE (__preinit_array_end = .)
                0x080012b0                . = ALIGN (0x4)

.init_array     0x080012b0        0x8
                0x080012b0                . = ALIGN (0x4)
                0x080012b0                PROVIDE (__init_array_start = .)
 *(SORT_BY_NAME(.init_array.*))
 .init_array.00000
                0x080012b0        0x4 c:/progra~2/gnuarm~1/102021~1.10/bin/../lib/gcc/arm-none-eabi/10.3.1/../../../../arm-none-eabi/lib/thumb/v7-m/nofp\libg.a(lib_a-__call_atexit.o)
 *(.init_array*)
 .init_array    0x080012b4        0x4 c:/progra~2/gnuarm~1/102021~1.10/bin/../lib/gcc/arm-none-eabi/10.3.1/thumb/v7-m/nofp/crtbegin.o
                0x080012b8                PROVIDE (__init_array_end = .)
                0x080012b8                . = ALIGN (0x4)

.fini_array     0x080012b8        0x4
                0x080012b8                . = ALIGN (0x4)
                0x080012b8                PROVIDE (__fini_array_start = .)
 *(SORT_BY_NAME(.fini_array.*))
 *(.fini_array*)
 .fini_array    0x080012b8        0x4 c:/progra~2/gnuarm~1/102021~1.10/bin/../lib/gcc/arm-none-eabi/10.3.1/thumb/v7-m/nofp/crtbegin.o
                0x080012bc                PROVIDE (__fini_array_end = .)
                0x080012bc                . = ALIGN (0x4)
                0x080012bc                _sidata = LOADADDR (.data)

.data           0x20000000      0x43c load address 0x080012bc
                0x20000000                . = ALIGN (0x4)
                0x20000000                _sdata = .
 *(.data)
 *(.data*)
 .data.SystemCoreClock
                0x20000000        0x4 CMakeFiles/STM32.elf.dir/Core/Src/system_stm32f1xx.c.obj
                0x20000000                SystemCoreClock
 .data.uwTickFreq
                0x20000004        0x1 CMakeFiles/STM32.elf.dir/Drivers/STM32F1xx_HAL_Driver/Src/stm32f1xx_hal.c.obj
                0x20000004                uwTickFreq
 *fill*         0x20000005        0x3 
 .data.uwTickPrio
                0x20000008        0x4 CMakeFiles/STM32.elf.dir/Drivers/STM32F1xx_HAL_Driver/Src/stm32f1xx_hal.c.obj
                0x20000008                uwTickPrio
 *fill*         0x2000000c        0x4 
 .data.impure_data
                0x20000010      0x428 c:/progra~2/gnuarm~1/102021~1.10/bin/../lib/gcc/arm-none-eabi/10.3.1/../../../../arm-none-eabi/lib/thumb/v7-m/nofp\libg.a(lib_a-impure.o)
 .data.__atexit_recursive_mutex
                0x20000438        0x4 c:/progra~2/gnuarm~1/102021~1.10/bin/../lib/gcc/arm-none-eabi/10.3.1/../../../../arm-none-eabi/lib/thumb/v7-m/nofp\libg.a(lib_a-__call_atexit.o)
                0x20000438                __atexit_recursive_mutex
 *(.RamFunc)
 *(.RamFunc*)
                0x2000043c                . = ALIGN (0x4)
                0x2000043c                _edata = .

.igot.plt       0x2000043c        0x0 load address 0x080016f8
 .igot.plt      0x2000043c        0x0 c:/progra~2/gnuarm~1/102021~1.10/bin/../lib/gcc/arm-none-eabi/10.3.1/thumb/v7-m/nofp/crtbegin.o
                0x2000043c                . = ALIGN (0x4)

.bss            0x2000043c       0x6c load address 0x080016f8
                0x2000043c                _sbss = .
                0x2000043c                __bss_start__ = _sbss
 *(.bss)
 .bss           0x2000043c       0x1c c:/progra~2/gnuarm~1/102021~1.10/bin/../lib/gcc/arm-none-eabi/10.3.1/thumb/v7-m/nofp/crtbegin.o
 *(.bss*)
 .bss.htim2     0x20000458       0x48 CMakeFiles/STM32.elf.dir/Core/Src/tim.c.obj
                0x20000458                htim2
 .bss.uwTick    0x200004a0        0x4 CMakeFiles/STM32.elf.dir/Drivers/STM32F1xx_HAL_Driver/Src/stm32f1xx_hal.c.obj
                0x200004a0                uwTick
 .bss.__lock___atexit_recursive_mutex
                0x200004a4        0x1 c:/progra~2/gnuarm~1/102021~1.10/bin/../lib/gcc/arm-none-eabi/10.3.1/../../../../arm-none-eabi/lib/thumb/v7-m/nofp\libg.a(lib_a-lock.o)
                0x200004a4                __lock___atexit_recursive_mutex
 *(COMMON)
                0x200004a8                . = ALIGN (0x4)
 *fill*         0x200004a5        0x3 
                0x200004a8                _ebss = .
                0x200004a8                __bss_end__ = _ebss

._user_heap_stack
                0x200004a8      0x600 load address 0x080016f8
                0x200004a8                . = ALIGN (0x8)
                [!provide]                PROVIDE (end = .)
                0x200004a8                PROVIDE (_end = .)
                0x200006a8                . = (. + _Min_Heap_Size)
 *fill*         0x200004a8      0x200 
                0x20000aa8                . = (. + _Min_Stack_Size)
 *fill*         0x200006a8      0x400 
                0x20000aa8                . = ALIGN (0x8)

/DISCARD/
 libc.a(*)
 libm.a(*)
 libgcc.a(*)

.ARM.attributes
                0x00000000       0x29
 *(.ARM.attributes)
 .ARM.attributes
                0x00000000       0x1d c:/progra~2/gnuarm~1/102021~1.10/bin/../lib/gcc/arm-none-eabi/10.3.1/thumb/v7-m/nofp/crti.o
 .ARM.attributes
                0x0000001d       0x2d c:/progra~2/gnuarm~1/102021~1.10/bin/../lib/gcc/arm-none-eabi/10.3.1/thumb/v7-m/nofp/crtbegin.o
 .ARM.attributes
                0x0000004a       0x2d CMakeFiles/STM32.elf.dir/Core/Src/gpio.c.obj
 .ARM.attributes
                0x00000077       0x2d CMakeFiles/STM32.elf.dir/Core/Src/main.c.obj
 .ARM.attributes
                0x000000a4       0x2d CMakeFiles/STM32.elf.dir/Core/Src/stm32f1xx_hal_msp.c.obj
 .ARM.attributes
                0x000000d1       0x2d CMakeFiles/STM32.elf.dir/Core/Src/stm32f1xx_it.c.obj
 .ARM.attributes
                0x000000fe       0x2d CMakeFiles/STM32.elf.dir/Core/Src/system_stm32f1xx.c.obj
 .ARM.attributes
                0x0000012b       0x2d CMakeFiles/STM32.elf.dir/Core/Src/tim.c.obj
 .ARM.attributes
                0x00000158       0x21 CMakeFiles/STM32.elf.dir/Core/Startup/startup_stm32f103c8tx.s.obj
 .ARM.attributes
                0x00000179       0x2d CMakeFiles/STM32.elf.dir/Drivers/STM32F1xx_HAL_Driver/Src/stm32f1xx_hal.c.obj
 .ARM.attributes
                0x000001a6       0x2d CMakeFiles/STM32.elf.dir/Drivers/STM32F1xx_HAL_Driver/Src/stm32f1xx_hal_cortex.c.obj
 .ARM.attributes
                0x000001d3       0x2d CMakeFiles/STM32.elf.dir/Drivers/STM32F1xx_HAL_Driver/Src/stm32f1xx_hal_gpio.c.obj
 .ARM.attributes
                0x00000200       0x2d CMakeFiles/STM32.elf.dir/Drivers/STM32F1xx_HAL_Driver/Src/stm32f1xx_hal_rcc.c.obj
 .ARM.attributes
                0x0000022d       0x2d CMakeFiles/STM32.elf.dir/Drivers/STM32F1xx_HAL_Driver/Src/stm32f1xx_hal_tim.c.obj
 .ARM.attributes
                0x0000025a       0x2d CMakeFiles/STM32.elf.dir/Drivers/STM32F1xx_HAL_Driver/Src/stm32f1xx_hal_tim_ex.c.obj
 .ARM.attributes
                0x00000287       0x2d c:/progra~2/gnuarm~1/102021~1.10/bin/../lib/gcc/arm-none-eabi/10.3.1/../../../../arm-none-eabi/lib/thumb/v7-m/nofp\libg.a(lib_a-impure.o)
 .ARM.attributes
                0x000002b4       0x2d c:/progra~2/gnuarm~1/102021~1.10/bin/../lib/gcc/arm-none-eabi/10.3.1/../../../../arm-none-eabi/lib/thumb/v7-m/nofp\libg.a(lib_a-init.o)
 .ARM.attributes
                0x000002e1       0x2d c:/progra~2/gnuarm~1/102021~1.10/bin/../lib/gcc/arm-none-eabi/10.3.1/../../../../arm-none-eabi/lib/thumb/v7-m/nofp\libg.a(lib_a-memset.o)
 .ARM.attributes
                0x0000030e       0x2d c:/progra~2/gnuarm~1/102021~1.10/bin/../lib/gcc/arm-none-eabi/10.3.1/../../../../arm-none-eabi/lib/thumb/v7-m/nofp\libg.a(lib_a-__call_atexit.o)
 .ARM.attributes
                0x0000033b       0x2d c:/progra~2/gnuarm~1/102021~1.10/bin/../lib/gcc/arm-none-eabi/10.3.1/../../../../arm-none-eabi/lib/thumb/v7-m/nofp\libg.a(lib_a-atexit.o)
 .ARM.attributes
                0x00000368       0x2d c:/progra~2/gnuarm~1/102021~1.10/bin/../lib/gcc/arm-none-eabi/10.3.1/../../../../arm-none-eabi/lib/thumb/v7-m/nofp\libg.a(lib_a-fini.o)
 .ARM.attributes
                0x00000395       0x2d c:/progra~2/gnuarm~1/102021~1.10/bin/../lib/gcc/arm-none-eabi/10.3.1/../../../../arm-none-eabi/lib/thumb/v7-m/nofp\libg.a(lib_a-lock.o)
 .ARM.attributes
                0x000003c2       0x2d c:/progra~2/gnuarm~1/102021~1.10/bin/../lib/gcc/arm-none-eabi/10.3.1/../../../../arm-none-eabi/lib/thumb/v7-m/nofp\libg.a(lib_a-__atexit.o)
 .ARM.attributes
                0x000003ef       0x1d c:/progra~2/gnuarm~1/102021~1.10/bin/../lib/gcc/arm-none-eabi/10.3.1/thumb/v7-m/nofp/crtn.o
OUTPUT(STM32.elf elf32-littlearm)
LOAD linker stubs
LOAD c:/progra~2/gnuarm~1/102021~1.10/bin/../lib/gcc/arm-none-eabi/10.3.1/../../../../arm-none-eabi/lib/thumb/v7-m/nofp\libc.a
LOAD c:/progra~2/gnuarm~1/102021~1.10/bin/../lib/gcc/arm-none-eabi/10.3.1/../../../../arm-none-eabi/lib/thumb/v7-m/nofp\libm.a
LOAD c:/progra~2/gnuarm~1/102021~1.10/bin/../lib/gcc/arm-none-eabi/10.3.1/thumb/v7-m/nofp\libgcc.a

.debug_info     0x00000000     0x96fc
 .debug_info    0x00000000      0x4f6 CMakeFiles/STM32.elf.dir/Core/Src/gpio.c.obj
 .debug_info    0x000004f6      0x318 CMakeFiles/STM32.elf.dir/Core/Src/main.c.obj
 .debug_info    0x0000080e      0x211 CMakeFiles/STM32.elf.dir/Core/Src/stm32f1xx_hal_msp.c.obj
 .debug_info    0x00000a1f      0x1ef CMakeFiles/STM32.elf.dir/Core/Src/stm32f1xx_it.c.obj
 .debug_info    0x00000c0e      0x248 CMakeFiles/STM32.elf.dir/Core/Src/system_stm32f1xx.c.obj
 .debug_info    0x00000e56      0xa9b CMakeFiles/STM32.elf.dir/Core/Src/tim.c.obj
 .debug_info    0x000018f1       0x22 CMakeFiles/STM32.elf.dir/Core/Startup/startup_stm32f103c8tx.s.obj
 .debug_info    0x00001913      0x7a8 CMakeFiles/STM32.elf.dir/Drivers/STM32F1xx_HAL_Driver/Src/stm32f1xx_hal.c.obj
 .debug_info    0x000020bb      0xd8a CMakeFiles/STM32.elf.dir/Drivers/STM32F1xx_HAL_Driver/Src/stm32f1xx_hal_cortex.c.obj
 .debug_info    0x00002e45      0x66f CMakeFiles/STM32.elf.dir/Drivers/STM32F1xx_HAL_Driver/Src/stm32f1xx_hal_gpio.c.obj
 .debug_info    0x000034b4      0xa3b CMakeFiles/STM32.elf.dir/Drivers/STM32F1xx_HAL_Driver/Src/stm32f1xx_hal_rcc.c.obj
 .debug_info    0x00003eef     0x3d52 CMakeFiles/STM32.elf.dir/Drivers/STM32F1xx_HAL_Driver/Src/stm32f1xx_hal_tim.c.obj
 .debug_info    0x00007c41     0x1abb CMakeFiles/STM32.elf.dir/Drivers/STM32F1xx_HAL_Driver/Src/stm32f1xx_hal_tim_ex.c.obj

.debug_abbrev   0x00000000     0x15cf
 .debug_abbrev  0x00000000      0x158 CMakeFiles/STM32.elf.dir/Core/Src/gpio.c.obj
 .debug_abbrev  0x00000158      0x162 CMakeFiles/STM32.elf.dir/Core/Src/main.c.obj
 .debug_abbrev  0x000002ba       0xe5 CMakeFiles/STM32.elf.dir/Core/Src/stm32f1xx_hal_msp.c.obj
 .debug_abbrev  0x0000039f       0xc4 CMakeFiles/STM32.elf.dir/Core/Src/stm32f1xx_it.c.obj
 .debug_abbrev  0x00000463      0x13e CMakeFiles/STM32.elf.dir/Core/Src/system_stm32f1xx.c.obj
 .debug_abbrev  0x000005a1      0x1fa CMakeFiles/STM32.elf.dir/Core/Src/tim.c.obj
 .debug_abbrev  0x0000079b       0x12 CMakeFiles/STM32.elf.dir/Core/Startup/startup_stm32f103c8tx.s.obj
 .debug_abbrev  0x000007ad      0x1f4 CMakeFiles/STM32.elf.dir/Drivers/STM32F1xx_HAL_Driver/Src/stm32f1xx_hal.c.obj
 .debug_abbrev  0x000009a1      0x341 CMakeFiles/STM32.elf.dir/Drivers/STM32F1xx_HAL_Driver/Src/stm32f1xx_hal_cortex.c.obj
 .debug_abbrev  0x00000ce2      0x1e6 CMakeFiles/STM32.elf.dir/Drivers/STM32F1xx_HAL_Driver/Src/stm32f1xx_hal_gpio.c.obj
 .debug_abbrev  0x00000ec8      0x27a CMakeFiles/STM32.elf.dir/Drivers/STM32F1xx_HAL_Driver/Src/stm32f1xx_hal_rcc.c.obj
 .debug_abbrev  0x00001142      0x245 CMakeFiles/STM32.elf.dir/Drivers/STM32F1xx_HAL_Driver/Src/stm32f1xx_hal_tim.c.obj
 .debug_abbrev  0x00001387      0x248 CMakeFiles/STM32.elf.dir/Drivers/STM32F1xx_HAL_Driver/Src/stm32f1xx_hal_tim_ex.c.obj

.debug_aranges  0x00000000      0x8f8
 .debug_aranges
                0x00000000       0x20 CMakeFiles/STM32.elf.dir/Core/Src/gpio.c.obj
 .debug_aranges
                0x00000020       0x30 CMakeFiles/STM32.elf.dir/Core/Src/main.c.obj
 .debug_aranges
                0x00000050       0x20 CMakeFiles/STM32.elf.dir/Core/Src/stm32f1xx_hal_msp.c.obj
 .debug_aranges
                0x00000070       0x78 CMakeFiles/STM32.elf.dir/Core/Src/stm32f1xx_it.c.obj
 .debug_aranges
                0x000000e8       0x28 CMakeFiles/STM32.elf.dir/Core/Src/system_stm32f1xx.c.obj
 .debug_aranges
                0x00000110       0x30 CMakeFiles/STM32.elf.dir/Core/Src/tim.c.obj
 .debug_aranges
                0x00000140       0x28 CMakeFiles/STM32.elf.dir/Core/Startup/startup_stm32f103c8tx.s.obj
 .debug_aranges
                0x00000168       0xe0 CMakeFiles/STM32.elf.dir/Drivers/STM32F1xx_HAL_Driver/Src/stm32f1xx_hal.c.obj
 .debug_aranges
                0x00000248       0x90 CMakeFiles/STM32.elf.dir/Drivers/STM32F1xx_HAL_Driver/Src/stm32f1xx_hal_cortex.c.obj
 .debug_aranges
                0x000002d8       0x58 CMakeFiles/STM32.elf.dir/Drivers/STM32F1xx_HAL_Driver/Src/stm32f1xx_hal_gpio.c.obj
 .debug_aranges
                0x00000330       0x90 CMakeFiles/STM32.elf.dir/Drivers/STM32F1xx_HAL_Driver/Src/stm32f1xx_hal_rcc.c.obj
 .debug_aranges
                0x000003c0      0x3d0 CMakeFiles/STM32.elf.dir/Drivers/STM32F1xx_HAL_Driver/Src/stm32f1xx_hal_tim.c.obj
 .debug_aranges
                0x00000790      0x168 CMakeFiles/STM32.elf.dir/Drivers/STM32F1xx_HAL_Driver/Src/stm32f1xx_hal_tim_ex.c.obj

.debug_ranges   0x00000000      0x8b0
 .debug_ranges  0x00000000       0x10 CMakeFiles/STM32.elf.dir/Core/Src/gpio.c.obj
 .debug_ranges  0x00000010       0x20 CMakeFiles/STM32.elf.dir/Core/Src/main.c.obj
 .debug_ranges  0x00000030       0x10 CMakeFiles/STM32.elf.dir/Core/Src/stm32f1xx_hal_msp.c.obj
 .debug_ranges  0x00000040       0x68 CMakeFiles/STM32.elf.dir/Core/Src/stm32f1xx_it.c.obj
 .debug_ranges  0x000000a8       0x18 CMakeFiles/STM32.elf.dir/Core/Src/system_stm32f1xx.c.obj
 .debug_ranges  0x000000c0       0x20 CMakeFiles/STM32.elf.dir/Core/Src/tim.c.obj
 .debug_ranges  0x000000e0       0x20 CMakeFiles/STM32.elf.dir/Core/Startup/startup_stm32f103c8tx.s.obj
 .debug_ranges  0x00000100       0xd0 CMakeFiles/STM32.elf.dir/Drivers/STM32F1xx_HAL_Driver/Src/stm32f1xx_hal.c.obj
 .debug_ranges  0x000001d0       0xe0 CMakeFiles/STM32.elf.dir/Drivers/STM32F1xx_HAL_Driver/Src/stm32f1xx_hal_cortex.c.obj
 .debug_ranges  0x000002b0       0x48 CMakeFiles/STM32.elf.dir/Drivers/STM32F1xx_HAL_Driver/Src/stm32f1xx_hal_gpio.c.obj
 .debug_ranges  0x000002f8       0xa0 CMakeFiles/STM32.elf.dir/Drivers/STM32F1xx_HAL_Driver/Src/stm32f1xx_hal_rcc.c.obj
 .debug_ranges  0x00000398      0x3c0 CMakeFiles/STM32.elf.dir/Drivers/STM32F1xx_HAL_Driver/Src/stm32f1xx_hal_tim.c.obj
 .debug_ranges  0x00000758      0x158 CMakeFiles/STM32.elf.dir/Drivers/STM32F1xx_HAL_Driver/Src/stm32f1xx_hal_tim_ex.c.obj

.debug_line     0x00000000     0x98e9
 .debug_line    0x00000000      0x2bc CMakeFiles/STM32.elf.dir/Core/Src/gpio.c.obj
 .debug_line    0x000002bc      0x3a3 CMakeFiles/STM32.elf.dir/Core/Src/main.c.obj
 .debug_line    0x0000065f      0x1c7 CMakeFiles/STM32.elf.dir/Core/Src/stm32f1xx_hal_msp.c.obj
 .debug_line    0x00000826      0x303 CMakeFiles/STM32.elf.dir/Core/Src/stm32f1xx_it.c.obj
 .debug_line    0x00000b29      0x290 CMakeFiles/STM32.elf.dir/Core/Src/system_stm32f1xx.c.obj
 .debug_line    0x00000db9      0x3fc CMakeFiles/STM32.elf.dir/Core/Src/tim.c.obj
 .debug_line    0x000011b5       0xc8 CMakeFiles/STM32.elf.dir/Core/Startup/startup_stm32f103c8tx.s.obj
 .debug_line    0x0000127d      0x602 CMakeFiles/STM32.elf.dir/Drivers/STM32F1xx_HAL_Driver/Src/stm32f1xx_hal.c.obj
 .debug_line    0x0000187f      0x6c8 CMakeFiles/STM32.elf.dir/Drivers/STM32F1xx_HAL_Driver/Src/stm32f1xx_hal_cortex.c.obj
 .debug_line    0x00001f47      0x670 CMakeFiles/STM32.elf.dir/Drivers/STM32F1xx_HAL_Driver/Src/stm32f1xx_hal_gpio.c.obj
 .debug_line    0x000025b7      0xcad CMakeFiles/STM32.elf.dir/Drivers/STM32F1xx_HAL_Driver/Src/stm32f1xx_hal_rcc.c.obj
 .debug_line    0x00003264     0x4a08 CMakeFiles/STM32.elf.dir/Drivers/STM32F1xx_HAL_Driver/Src/stm32f1xx_hal_tim.c.obj
 .debug_line    0x00007c6c     0x1c7d CMakeFiles/STM32.elf.dir/Drivers/STM32F1xx_HAL_Driver/Src/stm32f1xx_hal_tim_ex.c.obj

.debug_str      0x00000000     0x2fb0
 .debug_str     0x00000000      0x583 CMakeFiles/STM32.elf.dir/Core/Src/gpio.c.obj
                                0x5ce (size before relaxing)
 .debug_str     0x00000583      0x20c CMakeFiles/STM32.elf.dir/Core/Src/main.c.obj
                                0x3df (size before relaxing)
 .debug_str     0x0000078f       0x9c CMakeFiles/STM32.elf.dir/Core/Src/stm32f1xx_hal_msp.c.obj
                                0x2a1 (size before relaxing)
 .debug_str     0x0000082b      0x147 CMakeFiles/STM32.elf.dir/Core/Src/stm32f1xx_it.c.obj
                                0x306 (size before relaxing)
 .debug_str     0x00000972       0xca CMakeFiles/STM32.elf.dir/Core/Src/system_stm32f1xx.c.obj
                                0x2d6 (size before relaxing)
 .debug_str     0x00000a3c      0x5e2 CMakeFiles/STM32.elf.dir/Core/Src/tim.c.obj
                                0x92d (size before relaxing)
 .debug_str     0x0000101e       0x78 CMakeFiles/STM32.elf.dir/Core/Startup/startup_stm32f103c8tx.s.obj
                                 0xcf (size before relaxing)
 .debug_str     0x00001096      0x350 CMakeFiles/STM32.elf.dir/Drivers/STM32F1xx_HAL_Driver/Src/stm32f1xx_hal.c.obj
                                0x8a6 (size before relaxing)
 .debug_str     0x000013e6      0x3f4 CMakeFiles/STM32.elf.dir/Drivers/STM32F1xx_HAL_Driver/Src/stm32f1xx_hal_cortex.c.obj
                                0x955 (size before relaxing)
 .debug_str     0x000017da      0x171 CMakeFiles/STM32.elf.dir/Drivers/STM32F1xx_HAL_Driver/Src/stm32f1xx_hal_gpio.c.obj
                                0x482 (size before relaxing)
 .debug_str     0x0000194b      0x236 CMakeFiles/STM32.elf.dir/Drivers/STM32F1xx_HAL_Driver/Src/stm32f1xx_hal_rcc.c.obj
                                0x6ad (size before relaxing)
 .debug_str     0x00001b81      0xec9 CMakeFiles/STM32.elf.dir/Drivers/STM32F1xx_HAL_Driver/Src/stm32f1xx_hal_tim.c.obj
                               0x16c1 (size before relaxing)
 .debug_str     0x00002a4a      0x566 CMakeFiles/STM32.elf.dir/Drivers/STM32F1xx_HAL_Driver/Src/stm32f1xx_hal_tim_ex.c.obj
                                0xec2 (size before relaxing)

.comment        0x00000000       0x49
 .comment       0x00000000       0x49 CMakeFiles/STM32.elf.dir/Core/Src/gpio.c.obj
                                 0x4a (size before relaxing)
 .comment       0x00000049       0x4a CMakeFiles/STM32.elf.dir/Core/Src/main.c.obj
 .comment       0x00000049       0x4a CMakeFiles/STM32.elf.dir/Core/Src/stm32f1xx_hal_msp.c.obj
 .comment       0x00000049       0x4a CMakeFiles/STM32.elf.dir/Core/Src/stm32f1xx_it.c.obj
 .comment       0x00000049       0x4a CMakeFiles/STM32.elf.dir/Core/Src/system_stm32f1xx.c.obj
 .comment       0x00000049       0x4a CMakeFiles/STM32.elf.dir/Core/Src/tim.c.obj
 .comment       0x00000049       0x4a CMakeFiles/STM32.elf.dir/Drivers/STM32F1xx_HAL_Driver/Src/stm32f1xx_hal.c.obj
 .comment       0x00000049       0x4a CMakeFiles/STM32.elf.dir/Drivers/STM32F1xx_HAL_Driver/Src/stm32f1xx_hal_cortex.c.obj
 .comment       0x00000049       0x4a CMakeFiles/STM32.elf.dir/Drivers/STM32F1xx_HAL_Driver/Src/stm32f1xx_hal_gpio.c.obj
 .comment       0x00000049       0x4a CMakeFiles/STM32.elf.dir/Drivers/STM32F1xx_HAL_Driver/Src/stm32f1xx_hal_rcc.c.obj
 .comment       0x00000049       0x4a CMakeFiles/STM32.elf.dir/Drivers/STM32F1xx_HAL_Driver/Src/stm32f1xx_hal_tim.c.obj
 .comment       0x00000049       0x4a CMakeFiles/STM32.elf.dir/Drivers/STM32F1xx_HAL_Driver/Src/stm32f1xx_hal_tim_ex.c.obj

.debug_frame    0x00000000     0x1894
 .debug_frame   0x00000000       0x30 CMakeFiles/STM32.elf.dir/Core/Src/gpio.c.obj
 .debug_frame   0x00000030       0x58 CMakeFiles/STM32.elf.dir/Core/Src/main.c.obj
 .debug_frame   0x00000088       0x28 CMakeFiles/STM32.elf.dir/Core/Src/stm32f1xx_hal_msp.c.obj
 .debug_frame   0x000000b0       0xf0 CMakeFiles/STM32.elf.dir/Core/Src/stm32f1xx_it.c.obj
 .debug_frame   0x000001a0       0x30 CMakeFiles/STM32.elf.dir/Core/Src/system_stm32f1xx.c.obj
 .debug_frame   0x000001d0       0x68 CMakeFiles/STM32.elf.dir/Core/Src/tim.c.obj
 .debug_frame   0x00000238      0x1cc CMakeFiles/STM32.elf.dir/Drivers/STM32F1xx_HAL_Driver/Src/stm32f1xx_hal.c.obj
 .debug_frame   0x00000404      0x118 CMakeFiles/STM32.elf.dir/Drivers/STM32F1xx_HAL_Driver/Src/stm32f1xx_hal_cortex.c.obj
 .debug_frame   0x0000051c       0xe4 CMakeFiles/STM32.elf.dir/Drivers/STM32F1xx_HAL_Driver/Src/stm32f1xx_hal_gpio.c.obj
 .debug_frame   0x00000600      0x184 CMakeFiles/STM32.elf.dir/Drivers/STM32F1xx_HAL_Driver/Src/stm32f1xx_hal_rcc.c.obj
 .debug_frame   0x00000784      0xb18 CMakeFiles/STM32.elf.dir/Drivers/STM32F1xx_HAL_Driver/Src/stm32f1xx_hal_tim.c.obj
 .debug_frame   0x0000129c      0x40c CMakeFiles/STM32.elf.dir/Drivers/STM32F1xx_HAL_Driver/Src/stm32f1xx_hal_tim_ex.c.obj
 .debug_frame   0x000016a8       0x2c c:/progra~2/gnuarm~1/102021~1.10/bin/../lib/gcc/arm-none-eabi/10.3.1/../../../../arm-none-eabi/lib/thumb/v7-m/nofp\libg.a(lib_a-init.o)
 .debug_frame   0x000016d4       0x2c c:/progra~2/gnuarm~1/102021~1.10/bin/../lib/gcc/arm-none-eabi/10.3.1/../../../../arm-none-eabi/lib/thumb/v7-m/nofp\libg.a(lib_a-memset.o)
 .debug_frame   0x00001700       0x5c c:/progra~2/gnuarm~1/102021~1.10/bin/../lib/gcc/arm-none-eabi/10.3.1/../../../../arm-none-eabi/lib/thumb/v7-m/nofp\libg.a(lib_a-__call_atexit.o)
 .debug_frame   0x0000175c       0x20 c:/progra~2/gnuarm~1/102021~1.10/bin/../lib/gcc/arm-none-eabi/10.3.1/../../../../arm-none-eabi/lib/thumb/v7-m/nofp\libg.a(lib_a-atexit.o)
 .debug_frame   0x0000177c       0x34 c:/progra~2/gnuarm~1/102021~1.10/bin/../lib/gcc/arm-none-eabi/10.3.1/../../../../arm-none-eabi/lib/thumb/v7-m/nofp\libg.a(lib_a-fini.o)
 .debug_frame   0x000017b0       0xb0 c:/progra~2/gnuarm~1/102021~1.10/bin/../lib/gcc/arm-none-eabi/10.3.1/../../../../arm-none-eabi/lib/thumb/v7-m/nofp\libg.a(lib_a-lock.o)
 .debug_frame   0x00001860       0x34 c:/progra~2/gnuarm~1/102021~1.10/bin/../lib/gcc/arm-none-eabi/10.3.1/../../../../arm-none-eabi/lib/thumb/v7-m/nofp\libg.a(lib_a-__atexit.o)

.debug_loc      0x00000000     0x824f
 .debug_loc     0x00000000       0x15 CMakeFiles/STM32.elf.dir/Core/Src/stm32f1xx_hal_msp.c.obj
 .debug_loc     0x00000015       0xff CMakeFiles/STM32.elf.dir/Core/Src/system_stm32f1xx.c.obj
 .debug_loc     0x00000114       0xb9 CMakeFiles/STM32.elf.dir/Core/Src/tim.c.obj
 .debug_loc     0x000001cd      0x141 CMakeFiles/STM32.elf.dir/Drivers/STM32F1xx_HAL_Driver/Src/stm32f1xx_hal.c.obj
 .debug_loc     0x0000030e      0x71f CMakeFiles/STM32.elf.dir/Drivers/STM32F1xx_HAL_Driver/Src/stm32f1xx_hal_cortex.c.obj
 .debug_loc     0x00000a2d      0x47d CMakeFiles/STM32.elf.dir/Drivers/STM32F1xx_HAL_Driver/Src/stm32f1xx_hal_gpio.c.obj
 .debug_loc     0x00000eaa      0x618 CMakeFiles/STM32.elf.dir/Drivers/STM32F1xx_HAL_Driver/Src/stm32f1xx_hal_rcc.c.obj
 .debug_loc     0x000014c2     0x50fa CMakeFiles/STM32.elf.dir/Drivers/STM32F1xx_HAL_Driver/Src/stm32f1xx_hal_tim.c.obj
 .debug_loc     0x000065bc     0x1c93 CMakeFiles/STM32.elf.dir/Drivers/STM32F1xx_HAL_Driver/Src/stm32f1xx_hal_tim_ex.c.obj
