Archive member included to satisfy reference by file (symbol)

c:/progra~2/gnuarm~1/102021~1.10/bin/../lib/gcc/arm-none-eabi/10.3.1/../../../../arm-none-eabi/lib/thumb/v7-m/nofp\libg.a(lib_a-errno.o)
                              CMakeFiles/STM32.elf.dir/Core/Src/retarget.obj (__errno)
c:/progra~2/gnuarm~1/102021~1.10/bin/../lib/gcc/arm-none-eabi/10.3.1/../../../../arm-none-eabi/lib/thumb/v7-m/nofp\libg.a(lib_a-exit.o)
                              c:/progra~2/gnuarm~1/102021~1.10/bin/../lib/gcc/arm-none-eabi/10.3.1/../../../../arm-none-eabi/lib/thumb/v7-m/nofp/crt0.o (exit)
c:/progra~2/gnuarm~1/102021~1.10/bin/../lib/gcc/arm-none-eabi/10.3.1/../../../../arm-none-eabi/lib/thumb/v7-m/nofp\libg.a(lib_a-impure.o)
                              c:/progra~2/gnuarm~1/102021~1.10/bin/../lib/gcc/arm-none-eabi/10.3.1/../../../../arm-none-eabi/lib/thumb/v7-m/nofp\libg.a(lib_a-exit.o) (_global_impure_ptr)
c:/progra~2/gnuarm~1/102021~1.10/bin/../lib/gcc/arm-none-eabi/10.3.1/../../../../arm-none-eabi/lib/thumb/v7-m/nofp\libg.a(lib_a-init.o)
                              c:/progra~2/gnuarm~1/102021~1.10/bin/../lib/gcc/arm-none-eabi/10.3.1/../../../../arm-none-eabi/lib/thumb/v7-m/nofp/crt0.o (__libc_init_array)
c:/progra~2/gnuarm~1/102021~1.10/bin/../lib/gcc/arm-none-eabi/10.3.1/../../../../arm-none-eabi/lib/thumb/v7-m/nofp\libg.a(lib_a-memset.o)
                              c:/progra~2/gnuarm~1/102021~1.10/bin/../lib/gcc/arm-none-eabi/10.3.1/../../../../arm-none-eabi/lib/thumb/v7-m/nofp/crt0.o (memset)
c:/progra~2/gnuarm~1/102021~1.10/bin/../lib/gcc/arm-none-eabi/10.3.1/../../../../arm-none-eabi/lib/thumb/v7-m/nofp\libg.a(lib_a-setvbuf.o)
                              CMakeFiles/STM32.elf.dir/Core/Src/retarget.obj (setvbuf)
c:/progra~2/gnuarm~1/102021~1.10/bin/../lib/gcc/arm-none-eabi/10.3.1/../../../../arm-none-eabi/lib/thumb/v7-m/nofp\libg.a(lib_a-__call_atexit.o)
                              c:/progra~2/gnuarm~1/102021~1.10/bin/../lib/gcc/arm-none-eabi/10.3.1/../../../../arm-none-eabi/lib/thumb/v7-m/nofp\libg.a(lib_a-exit.o) (__call_exitprocs)
c:/progra~2/gnuarm~1/102021~1.10/bin/../lib/gcc/arm-none-eabi/10.3.1/../../../../arm-none-eabi/lib/thumb/v7-m/nofp\libg.a(lib_a-atexit.o)
                              c:/progra~2/gnuarm~1/102021~1.10/bin/../lib/gcc/arm-none-eabi/10.3.1/../../../../arm-none-eabi/lib/thumb/v7-m/nofp\libg.a(lib_a-__call_atexit.o) (atexit)
c:/progra~2/gnuarm~1/102021~1.10/bin/../lib/gcc/arm-none-eabi/10.3.1/../../../../arm-none-eabi/lib/thumb/v7-m/nofp\libg.a(lib_a-fflush.o)
                              c:/progra~2/gnuarm~1/102021~1.10/bin/../lib/gcc/arm-none-eabi/10.3.1/../../../../arm-none-eabi/lib/thumb/v7-m/nofp\libg.a(lib_a-setvbuf.o) (_fflush_r)
c:/progra~2/gnuarm~1/102021~1.10/bin/../lib/gcc/arm-none-eabi/10.3.1/../../../../arm-none-eabi/lib/thumb/v7-m/nofp\libg.a(lib_a-findfp.o)
                              c:/progra~2/gnuarm~1/102021~1.10/bin/../lib/gcc/arm-none-eabi/10.3.1/../../../../arm-none-eabi/lib/thumb/v7-m/nofp\libg.a(lib_a-setvbuf.o) (__sinit)
c:/progra~2/gnuarm~1/102021~1.10/bin/../lib/gcc/arm-none-eabi/10.3.1/../../../../arm-none-eabi/lib/thumb/v7-m/nofp\libg.a(lib_a-fini.o)
                              c:/progra~2/gnuarm~1/102021~1.10/bin/../lib/gcc/arm-none-eabi/10.3.1/../../../../arm-none-eabi/lib/thumb/v7-m/nofp\libg.a(lib_a-__call_atexit.o) (__libc_fini_array)
c:/progra~2/gnuarm~1/102021~1.10/bin/../lib/gcc/arm-none-eabi/10.3.1/../../../../arm-none-eabi/lib/thumb/v7-m/nofp\libg.a(lib_a-freer.o)
                              c:/progra~2/gnuarm~1/102021~1.10/bin/../lib/gcc/arm-none-eabi/10.3.1/../../../../arm-none-eabi/lib/thumb/v7-m/nofp\libg.a(lib_a-setvbuf.o) (_free_r)
c:/progra~2/gnuarm~1/102021~1.10/bin/../lib/gcc/arm-none-eabi/10.3.1/../../../../arm-none-eabi/lib/thumb/v7-m/nofp\libg.a(lib_a-fwalk.o)
                              c:/progra~2/gnuarm~1/102021~1.10/bin/../lib/gcc/arm-none-eabi/10.3.1/../../../../arm-none-eabi/lib/thumb/v7-m/nofp\libg.a(lib_a-findfp.o) (_fwalk)
c:/progra~2/gnuarm~1/102021~1.10/bin/../lib/gcc/arm-none-eabi/10.3.1/../../../../arm-none-eabi/lib/thumb/v7-m/nofp\libg.a(lib_a-lock.o)
                              c:/progra~2/gnuarm~1/102021~1.10/bin/../lib/gcc/arm-none-eabi/10.3.1/../../../../arm-none-eabi/lib/thumb/v7-m/nofp\libg.a(lib_a-findfp.o) (__retarget_lock_init_recursive)
c:/progra~2/gnuarm~1/102021~1.10/bin/../lib/gcc/arm-none-eabi/10.3.1/../../../../arm-none-eabi/lib/thumb/v7-m/nofp\libg.a(lib_a-makebuf.o)
                              c:/progra~2/gnuarm~1/102021~1.10/bin/../lib/gcc/arm-none-eabi/10.3.1/../../../../arm-none-eabi/lib/thumb/v7-m/nofp\libg.a(lib_a-setvbuf.o) (__swhatbuf_r)
c:/progra~2/gnuarm~1/102021~1.10/bin/../lib/gcc/arm-none-eabi/10.3.1/../../../../arm-none-eabi/lib/thumb/v7-m/nofp\libg.a(lib_a-malloc.o)
                              c:/progra~2/gnuarm~1/102021~1.10/bin/../lib/gcc/arm-none-eabi/10.3.1/../../../../arm-none-eabi/lib/thumb/v7-m/nofp\libg.a(lib_a-setvbuf.o) (malloc)
[...]
Memory Configuration

Name             Origin             Length             Attributes
RAM              0x20000000         0x00005000         xrw
FLASH            0x08000000         0x00010000         xr
*default*        0x00000000         0xffffffff

Linker script and memory map

LOAD c:/progra~2/gnuarm~1/102021~1.10/bin/../lib/gcc/arm-none-eabi/10.3.1/thumb/v7-m/nofp/crti.o
LOAD c:/progra~2/gnuarm~1/102021~1.10/bin/../lib/gcc/arm-none-eabi/10.3.1/thumb/v7-m/nofp/crtbegin.o
LOAD c:/progra~2/gnuarm~1/102021~1.10/bin/../lib/gcc/arm-none-eabi/10.3.1/../../../../arm-none-eabi/lib/thumb/v7-m/nofp/crt0.o
LOAD CMakeFiles/STM32.elf.dir/Core/Src/gpio.obj
LOAD CMakeFiles/STM32.elf.dir/Core/Src/main.obj
LOAD CMakeFiles/STM32.elf.dir/Core/Src/retarget.obj
LOAD CMakeFiles/STM32.elf.dir/Core/Src/stm32f1xx_hal_msp.obj
LOAD CMakeFiles/STM32.elf.dir/Core/Src/stm32f1xx_it.obj
LOAD CMakeFiles/STM32.elf.dir/Core/Src/syscalls.obj
LOAD CMakeFiles/STM32.elf.dir/Core/Src/sysmem.obj
LOAD CMakeFiles/STM32.elf.dir/Core/Src/system_stm32f1xx.obj
LOAD CMakeFiles/STM32.elf.dir/Core/Src/tim.obj
LOAD CMakeFiles/STM32.elf.dir/Core/Src/usart.obj
LOAD CMakeFiles/STM32.elf.dir/Core/Startup/startup_stm32f103c8tx.obj
LOAD CMakeFiles/STM32.elf.dir/Drivers/STM32F1xx_HAL_Driver/Src/stm32f1xx_hal.obj
LOAD CMakeFiles/STM32.elf.dir/Drivers/STM32F1xx_HAL_Driver/Src/stm32f1xx_hal_cortex.obj
LOAD CMakeFiles/STM32.elf.dir/Drivers/STM32F1xx_HAL_Driver/Src/stm32f1xx_hal_dma.obj
LOAD CMakeFiles/STM32.elf.dir/Drivers/STM32F1xx_HAL_Driver/Src/stm32f1xx_hal_exti.obj
LOAD CMakeFiles/STM32.elf.dir/Drivers/STM32F1xx_HAL_Driver/Src/stm32f1xx_hal_flash.obj
LOAD CMakeFiles/STM32.elf.dir/Drivers/STM32F1xx_HAL_Driver/Src/stm32f1xx_hal_flash_ex.obj
LOAD CMakeFiles/STM32.elf.dir/Drivers/STM32F1xx_HAL_Driver/Src/stm32f1xx_hal_gpio.obj
LOAD CMakeFiles/STM32.elf.dir/Drivers/STM32F1xx_HAL_Driver/Src/stm32f1xx_hal_gpio_ex.obj
LOAD CMakeFiles/STM32.elf.dir/Drivers/STM32F1xx_HAL_Driver/Src/stm32f1xx_hal_pwr.obj
LOAD CMakeFiles/STM32.elf.dir/Drivers/STM32F1xx_HAL_Driver/Src/stm32f1xx_hal_rcc.obj
LOAD CMakeFiles/STM32.elf.dir/Drivers/STM32F1xx_HAL_Driver/Src/stm32f1xx_hal_rcc_ex.obj
LOAD CMakeFiles/STM32.elf.dir/Drivers/STM32F1xx_HAL_Driver/Src/stm32f1xx_hal_tim.obj
LOAD CMakeFiles/STM32.elf.dir/Drivers/STM32F1xx_HAL_Driver/Src/stm32f1xx_hal_tim_ex.obj
LOAD CMakeFiles/STM32.elf.dir/Drivers/STM32F1xx_HAL_Driver/Src/stm32f1xx_hal_uart.obj
START GROUP
LOAD c:/progra~2/gnuarm~1/102021~1.10/bin/../lib/gcc/arm-none-eabi/10.3.1/thumb/v7-m/nofp\libgcc.a
LOAD c:/progra~2/gnuarm~1/102021~1.10/bin/../lib/gcc/arm-none-eabi/10.3.1/../../../../arm-none-eabi/lib/thumb/v7-m/nofp\libg.a
LOAD c:/progra~2/gnuarm~1/102021~1.10/bin/../lib/gcc/arm-none-eabi/10.3.1/../../../../arm-none-eabi/lib/thumb/v7-m/nofp\libc.a
END GROUP
LOAD c:/progra~2/gnuarm~1/102021~1.10/bin/../lib/gcc/arm-none-eabi/10.3.1/thumb/v7-m/nofp/crtend.o
LOAD c:/progra~2/gnuarm~1/102021~1.10/bin/../lib/gcc/arm-none-eabi/10.3.1/thumb/v7-m/nofp/crtn.o
                0x20005000                _estack = (ORIGIN (RAM) + LENGTH (RAM))
                0x00000200                _Min_Heap_Size = 0x200
                0x00000400                _Min_Stack_Size = 0x400

.isr_vector     0x08000000      0x10c
                0x08000000                . = ALIGN (0x4)
 *(.isr_vector)
 .isr_vector    0x08000000      0x10c CMakeFiles/STM32.elf.dir/Core/Startup/startup_stm32f103c8tx.obj
                0x08000000                g_pfnVectors
                0x0800010c                . = ALIGN (0x4)

.text           0x0800010c     0x2624
                0x0800010c                . = ALIGN (0x4)
 *(.text)
 .text          0x0800010c       0x40 c:/progra~2/gnuarm~1/102021~1.10/bin/../lib/gcc/arm-none-eabi/10.3.1/thumb/v7-m/nofp/crtbegin.o
 *(.text*)
 .text.MX_GPIO_Init
                0x0800014c       0xd0 CMakeFiles/STM32.elf.dir/Core/Src/gpio.obj
                0x0800014c                MX_GPIO_Init
 .text.Error_Handler
                0x0800021c        0x4 CMakeFiles/STM32.elf.dir/Core/Src/main.obj
                0x0800021c                Error_Handler
 .text.SystemClock_Config
                0x08000220       0x64 CMakeFiles/STM32.elf.dir/Core/Src/main.obj
                0x08000220                SystemClock_Config
 .text.main     0x08000284       0x24 CMakeFiles/STM32.elf.dir/Core/Src/main.obj
                0x08000284                main
 .text.RetargetInit
                0x080002a8       0x20 CMakeFiles/STM32.elf.dir/Core/Src/retarget.obj
                0x080002a8                RetargetInit
 .text._write   0x080002c8       0x34 CMakeFiles/STM32.elf.dir/Core/Src/retarget.obj
                0x080002c8                _write
 .text._close   0x080002fc       0x18 CMakeFiles/STM32.elf.dir/Core/Src/retarget.obj
                0x080002fc                _close
 .text._lseek   0x08000314       0x10 CMakeFiles/STM32.elf.dir/Core/Src/retarget.obj
                0x08000314                _lseek
 .text._read    0x08000324       0x30 CMakeFiles/STM32.elf.dir/Core/Src/retarget.obj
                0x08000324                _read
 .text._fstat   0x08000354       0x1a CMakeFiles/STM32.elf.dir/Core/Src/retarget.obj
                0x08000354                _fstat
 *fill*         0x0800036e        0x2 
 .text.HAL_MspInit
                0x08000370       0x44 CMakeFiles/STM32.elf.dir/Core/Src/stm32f1xx_hal_msp.obj
                0x08000370                HAL_MspInit
 .text.NMI_Handler
                0x080003b4        0x2 CMakeFiles/STM32.elf.dir/Core/Src/stm32f1xx_it.obj
                0x080003b4                NMI_Handler
 .text.HardFault_Handler
                0x080003b6        0x2 CMakeFiles/STM32.elf.dir/Core/Src/stm32f1xx_it.obj
                0x080003b6                HardFault_Handler
 .text.MemManage_Handler
                0x080003b8        0x2 CMakeFiles/STM32.elf.dir/Core/Src/stm32f1xx_it.obj
                0x080003b8                MemManage_Handler
 .text.BusFault_Handler
                0x080003ba        0x2 CMakeFiles/STM32.elf.dir/Core/Src/stm32f1xx_it.obj
                0x080003ba                BusFault_Handler
 .text.UsageFault_Handler
                0x080003bc        0x2 CMakeFiles/STM32.elf.dir/Core/Src/stm32f1xx_it.obj
                0x080003bc                UsageFault_Handler
 .text.SVC_Handler
                0x080003be        0x2 CMakeFiles/STM32.elf.dir/Core/Src/stm32f1xx_it.obj
                0x080003be                SVC_Handler
 .text.DebugMon_Handler
                0x080003c0        0x2 CMakeFiles/STM32.elf.dir/Core/Src/stm32f1xx_it.obj
                0x080003c0                DebugMon_Handler
 .text.PendSV_Handler
                0x080003c2        0x2 CMakeFiles/STM32.elf.dir/Core/Src/stm32f1xx_it.obj
                0x080003c2                PendSV_Handler
 .text.SysTick_Handler
                0x080003c4        0x8 CMakeFiles/STM32.elf.dir/Core/Src/stm32f1xx_it.obj
                0x080003c4                SysTick_Handler
 .text.EXTI0_IRQHandler
                0x080003cc        0xa CMakeFiles/STM32.elf.dir/Core/Src/stm32f1xx_it.obj
                0x080003cc                EXTI0_IRQHandler
 .text.EXTI4_IRQHandler
                0x080003d6        0xa CMakeFiles/STM32.elf.dir/Core/Src/stm32f1xx_it.obj
                0x080003d6                EXTI4_IRQHandler
 .text.EXTI9_5_IRQHandler
                0x080003e0       0x16 CMakeFiles/STM32.elf.dir/Core/Src/stm32f1xx_it.obj
                0x080003e0                EXTI9_5_IRQHandler
 *fill*         0x080003f6        0x2 
 .text._sbrk    0x080003f8       0x48 CMakeFiles/STM32.elf.dir/Core/Src/sysmem.obj
                0x080003f8                _sbrk
 .text.SystemInit
                0x08000440        0x2 CMakeFiles/STM32.elf.dir/Core/Src/system_stm32f1xx.obj
                0x08000440                SystemInit
 *fill*         0x08000442        0x2 
 .text.MX_TIM2_Init
                0x08000444       0x6c CMakeFiles/STM32.elf.dir/Core/Src/tim.obj
                0x08000444                MX_TIM2_Init
 .text.HAL_TIM_Base_MspInit
                0x080004b0       0x74 CMakeFiles/STM32.elf.dir/Core/Src/tim.obj
                0x080004b0                HAL_TIM_Base_MspInit
 .text.MX_USART1_UART_Init
                0x08000524       0x34 CMakeFiles/STM32.elf.dir/Core/Src/usart.obj
                0x08000524                MX_USART1_UART_Init
 .text.HAL_UART_MspInit
                0x08000558       0x78 CMakeFiles/STM32.elf.dir/Core/Src/usart.obj
                0x08000558                HAL_UART_MspInit
 .text.Reset_Handler
                0x080005d0       0x48 CMakeFiles/STM32.elf.dir/Core/Startup/startup_stm32f103c8tx.obj
                0x080005d0                Reset_Handler
 .text.Default_Handler
                0x08000618        0x2 CMakeFiles/STM32.elf.dir/Core/Startup/startup_stm32f103c8tx.obj
                0x08000618                RTC_Alarm_IRQHandler
                0x08000618                EXTI2_IRQHandler
                0x08000618                TIM1_CC_IRQHandler
                0x08000618                PVD_IRQHandler
                0x08000618                EXTI3_IRQHandler
                0x08000618                I2C2_EV_IRQHandler
                0x08000618                ADC1_2_IRQHandler
                0x08000618                SPI1_IRQHandler
                0x08000618                TAMPER_IRQHandler
                0x08000618                DMA1_Channel4_IRQHandler
                0x08000618                USART3_IRQHandler
                0x08000618                RTC_IRQHandler
                0x08000618                DMA1_Channel7_IRQHandler
                0x08000618                CAN1_RX1_IRQHandler
                0x08000618                TIM4_IRQHandler
                0x08000618                I2C1_EV_IRQHandler
                0x08000618                DMA1_Channel6_IRQHandler
                0x08000618                TIM3_IRQHandler
                0x08000618                RCC_IRQHandler
                0x08000618                TIM1_TRG_COM_IRQHandler
                0x08000618                DMA1_Channel1_IRQHandler
                0x08000618                Default_Handler
                0x08000618                EXTI15_10_IRQHandler
                0x08000618                SPI2_IRQHandler
                0x08000618                DMA1_Channel5_IRQHandler
                0x08000618                USB_LP_CAN1_RX0_IRQHandler
                0x08000618                USB_HP_CAN1_TX_IRQHandler
                0x08000618                DMA1_Channel3_IRQHandler
                0x08000618                TIM1_UP_IRQHandler
                0x08000618                WWDG_IRQHandler
                0x08000618                TIM2_IRQHandler
                0x08000618                TIM1_BRK_IRQHandler
                0x08000618                EXTI1_IRQHandler
                0x08000618                USART2_IRQHandler
                0x08000618                I2C2_ER_IRQHandler
                0x08000618                DMA1_Channel2_IRQHandler
                0x08000618                CAN1_SCE_IRQHandler
                0x08000618                FLASH_IRQHandler
                0x08000618                USART1_IRQHandler
                0x08000618                I2C1_ER_IRQHandler
                0x08000618                USBWakeUp_IRQHandler
 *fill*         0x0800061a        0x2 
 .text.HAL_InitTick
                0x0800061c       0x4c CMakeFiles/STM32.elf.dir/Drivers/STM32F1xx_HAL_Driver/Src/stm32f1xx_hal.obj
                0x0800061c                HAL_InitTick
 .text.HAL_Init
                0x08000668       0x24 CMakeFiles/STM32.elf.dir/Drivers/STM32F1xx_HAL_Driver/Src/stm32f1xx_hal.obj
                0x08000668                HAL_Init
 .text.HAL_IncTick
                0x0800068c       0x18 CMakeFiles/STM32.elf.dir/Drivers/STM32F1xx_HAL_Driver/Src/stm32f1xx_hal.obj
                0x0800068c                HAL_IncTick
 .text.HAL_GetTick
                0x080006a4        0xc CMakeFiles/STM32.elf.dir/Drivers/STM32F1xx_HAL_Driver/Src/stm32f1xx_hal.obj
                0x080006a4                HAL_GetTick
 .text.HAL_NVIC_SetPriorityGrouping
                0x080006b0       0x24 CMakeFiles/STM32.elf.dir/Drivers/STM32F1xx_HAL_Driver/Src/stm32f1xx_hal_cortex.obj
                0x080006b0                HAL_NVIC_SetPriorityGrouping
 .text.HAL_NVIC_SetPriority
                0x080006d4       0x70 CMakeFiles/STM32.elf.dir/Drivers/STM32F1xx_HAL_Driver/Src/stm32f1xx_hal_cortex.obj
                0x080006d4                HAL_NVIC_SetPriority
 .text.HAL_NVIC_EnableIRQ
                0x08000744       0x1c CMakeFiles/STM32.elf.dir/Drivers/STM32F1xx_HAL_Driver/Src/stm32f1xx_hal_cortex.obj
                0x08000744                HAL_NVIC_EnableIRQ
 .text.HAL_SYSTICK_Config
                0x08000760       0x28 CMakeFiles/STM32.elf.dir/Drivers/STM32F1xx_HAL_Driver/Src/stm32f1xx_hal_cortex.obj
                0x08000760                HAL_SYSTICK_Config
 .text.HAL_GPIO_Init
                0x08000788      0x224 CMakeFiles/STM32.elf.dir/Drivers/STM32F1xx_HAL_Driver/Src/stm32f1xx_hal_gpio.obj
                0x08000788                HAL_GPIO_Init
 .text.HAL_GPIO_EXTI_Callback
                0x080009ac        0x2 CMakeFiles/STM32.elf.dir/Drivers/STM32F1xx_HAL_Driver/Src/stm32f1xx_hal_gpio.obj
                0x080009ac                HAL_GPIO_EXTI_Callback
 *fill*         0x080009ae        0x2 
 .text.HAL_GPIO_EXTI_IRQHandler
                0x080009b0       0x1c CMakeFiles/STM32.elf.dir/Drivers/STM32F1xx_HAL_Driver/Src/stm32f1xx_hal_gpio.obj
                0x080009b0                HAL_GPIO_EXTI_IRQHandler
 .text.RCC_Delay
                0x080009cc       0x2c CMakeFiles/STM32.elf.dir/Drivers/STM32F1xx_HAL_Driver/Src/stm32f1xx_hal_rcc.obj
 .text.HAL_RCC_OscConfig
                0x080009f8      0x410 CMakeFiles/STM32.elf.dir/Drivers/STM32F1xx_HAL_Driver/Src/stm32f1xx_hal_rcc.obj
                0x080009f8                HAL_RCC_OscConfig
 .text.HAL_RCC_GetSysClockFreq
                0x08000e08       0x54 CMakeFiles/STM32.elf.dir/Drivers/STM32F1xx_HAL_Driver/Src/stm32f1xx_hal_rcc.obj
                0x08000e08                HAL_RCC_GetSysClockFreq
 .text.HAL_RCC_ClockConfig
                0x08000e5c      0x16c CMakeFiles/STM32.elf.dir/Drivers/STM32F1xx_HAL_Driver/Src/stm32f1xx_hal_rcc.obj
                0x08000e5c                HAL_RCC_ClockConfig
 .text.HAL_RCC_GetHCLKFreq
                0x08000fc8        0xc CMakeFiles/STM32.elf.dir/Drivers/STM32F1xx_HAL_Driver/Src/stm32f1xx_hal_rcc.obj
                0x08000fc8                HAL_RCC_GetHCLKFreq
 .text.HAL_RCC_GetPCLK1Freq
                0x08000fd4       0x20 CMakeFiles/STM32.elf.dir/Drivers/STM32F1xx_HAL_Driver/Src/stm32f1xx_hal_rcc.obj
                0x08000fd4                HAL_RCC_GetPCLK1Freq
 .text.HAL_RCC_GetPCLK2Freq
                0x08000ff4       0x20 CMakeFiles/STM32.elf.dir/Drivers/STM32F1xx_HAL_Driver/Src/stm32f1xx_hal_rcc.obj
                0x08000ff4                HAL_RCC_GetPCLK2Freq
 .text.TIM_TI1_ConfigInputStage
                0x08001014       0x24 CMakeFiles/STM32.elf.dir/Drivers/STM32F1xx_HAL_Driver/Src/stm32f1xx_hal_tim.obj
 .text.TIM_TI2_ConfigInputStage
                0x08001038       0x26 CMakeFiles/STM32.elf.dir/Drivers/STM32F1xx_HAL_Driver/Src/stm32f1xx_hal_tim.obj
 .text.TIM_ITRx_SetConfig
                0x0800105e       0x10 CMakeFiles/STM32.elf.dir/Drivers/STM32F1xx_HAL_Driver/Src/stm32f1xx_hal_tim.obj
 *fill*         0x0800106e        0x2 
 .text.TIM_Base_SetConfig
                0x08001070       0x74 CMakeFiles/STM32.elf.dir/Drivers/STM32F1xx_HAL_Driver/Src/stm32f1xx_hal_tim.obj
                0x08001070                TIM_Base_SetConfig
 .text.HAL_TIM_Base_Init
                0x080010e4       0x58 CMakeFiles/STM32.elf.dir/Drivers/STM32F1xx_HAL_Driver/Src/stm32f1xx_hal_tim.obj
                0x080010e4                HAL_TIM_Base_Init
 .text.TIM_ETR_SetConfig
                0x0800113c       0x18 CMakeFiles/STM32.elf.dir/Drivers/STM32F1xx_HAL_Driver/Src/stm32f1xx_hal_tim.obj
                0x0800113c                TIM_ETR_SetConfig
 .text.HAL_TIM_ConfigClockSource
                0x08001154       0xfe CMakeFiles/STM32.elf.dir/Drivers/STM32F1xx_HAL_Driver/Src/stm32f1xx_hal_tim.obj
                0x08001154                HAL_TIM_ConfigClockSource
 *fill*         0x08001252        0x2 
 .text.HAL_TIMEx_MasterConfigSynchronization
                0x08001254       0x6c CMakeFiles/STM32.elf.dir/Drivers/STM32F1xx_HAL_Driver/Src/stm32f1xx_hal_tim_ex.obj
                0x08001254                HAL_TIMEx_MasterConfigSynchronization
 .text.UART_SetConfig
                0x080012c0       0x94 CMakeFiles/STM32.elf.dir/Drivers/STM32F1xx_HAL_Driver/Src/stm32f1xx_hal_uart.obj
 .text.UART_WaitOnFlagUntilTimeout
                0x08001354       0x88 CMakeFiles/STM32.elf.dir/Drivers/STM32F1xx_HAL_Driver/Src/stm32f1xx_hal_uart.obj
 .text.HAL_UART_Init
                0x080013dc       0x60 CMakeFiles/STM32.elf.dir/Drivers/STM32F1xx_HAL_Driver/Src/stm32f1xx_hal_uart.obj
                0x080013dc                HAL_UART_Init
 .text.HAL_UART_Transmit
                0x0800143c       0xbe CMakeFiles/STM32.elf.dir/Drivers/STM32F1xx_HAL_Driver/Src/stm32f1xx_hal_uart.obj
                0x0800143c                HAL_UART_Transmit
 .text.HAL_UART_Receive
                0x080014fa       0xca CMakeFiles/STM32.elf.dir/Drivers/STM32F1xx_HAL_Driver/Src/stm32f1xx_hal_uart.obj
                0x080014fa                HAL_UART_Receive
 .text.__errno  0x080015c4        0xc c:/progra~2/gnuarm~1/102021~1.10/bin/../lib/gcc/arm-none-eabi/10.3.1/../../../../arm-none-eabi/lib/thumb/v7-m/nofp\libg.a(lib_a-errno.o)
                0x080015c4                __errno
 .text.__libc_init_array
                0x080015d0       0x48 c:/progra~2/gnuarm~1/102021~1.10/bin/../lib/gcc/arm-none-eabi/10.3.1/../../../../arm-none-eabi/lib/thumb/v7-m/nofp\libg.a(lib_a-init.o)
                0x080015d0                __libc_init_array
 .text.memset   0x08001618       0xa4 c:/progra~2/gnuarm~1/102021~1.10/bin/../lib/gcc/arm-none-eabi/10.3.1/../../../../arm-none-eabi/lib/thumb/v7-m/nofp\libg.a(lib_a-memset.o)
                0x08001618                memset
 .text.setvbuf  0x080016bc      0x1b0 c:/progra~2/gnuarm~1/102021~1.10/bin/../lib/gcc/arm-none-eabi/10.3.1/../../../../arm-none-eabi/lib/thumb/v7-m/nofp\libg.a(lib_a-setvbuf.o)
                0x080016bc                setvbuf
 .text.startup.register_fini
                0x0800186c       0x14 c:/progra~2/gnuarm~1/102021~1.10/bin/../lib/gcc/arm-none-eabi/10.3.1/../../../../arm-none-eabi/lib/thumb/v7-m/nofp\libg.a(lib_a-__call_atexit.o)
 .text.atexit   0x08001880        0xc c:/progra~2/gnuarm~1/102021~1.10/bin/../lib/gcc/arm-none-eabi/10.3.1/../../../../arm-none-eabi/lib/thumb/v7-m/nofp\libg.a(lib_a-atexit.o)
                0x08001880                atexit
 .text.__sflush_r
                0x0800188c      0x124 c:/progra~2/gnuarm~1/102021~1.10/bin/../lib/gcc/arm-none-eabi/10.3.1/../../../../arm-none-eabi/lib/thumb/v7-m/nofp\libg.a(lib_a-fflush.o)
                0x0800188c                __sflush_r
 .text._fflush_r
                0x080019b0       0x5c c:/progra~2/gnuarm~1/102021~1.10/bin/../lib/gcc/arm-none-eabi/10.3.1/../../../../arm-none-eabi/lib/thumb/v7-m/nofp\libg.a(lib_a-fflush.o)
                0x080019b0                _fflush_r
 .text._cleanup_r
                0x08001a0c        0xc c:/progra~2/gnuarm~1/102021~1.10/bin/../lib/gcc/arm-none-eabi/10.3.1/../../../../arm-none-eabi/lib/thumb/v7-m/nofp\libg.a(lib_a-findfp.o)
                0x08001a0c                _cleanup_r
 .text.__sinit  0x08001a18      0x10c c:/progra~2/gnuarm~1/102021~1.10/bin/../lib/gcc/arm-none-eabi/10.3.1/../../../../arm-none-eabi/lib/thumb/v7-m/nofp\libg.a(lib_a-findfp.o)
                0x08001a18                __sinit
 .text.__sfp_lock_acquire
                0x08001b24        0xc c:/progra~2/gnuarm~1/102021~1.10/bin/../lib/gcc/arm-none-eabi/10.3.1/../../../../arm-none-eabi/lib/thumb/v7-m/nofp\libg.a(lib_a-findfp.o)
                0x08001b24                __sfp_lock_acquire
 .text.__sfp_lock_release
                0x08001b30        0xc c:/progra~2/gnuarm~1/102021~1.10/bin/../lib/gcc/arm-none-eabi/10.3.1/../../../../arm-none-eabi/lib/thumb/v7-m/nofp\libg.a(lib_a-findfp.o)
                0x08001b30                __sfp_lock_release
 .text.__libc_fini_array
                0x08001b3c       0x2c c:/progra~2/gnuarm~1/102021~1.10/bin/../lib/gcc/arm-none-eabi/10.3.1/../../../../arm-none-eabi/lib/thumb/v7-m/nofp\libg.a(lib_a-fini.o)
                0x08001b3c                __libc_fini_array
 .text._malloc_trim_r
                0x08001b68       0xa0 c:/progra~2/gnuarm~1/102021~1.10/bin/../lib/gcc/arm-none-eabi/10.3.1/../../../../arm-none-eabi/lib/thumb/v7-m/nofp\libg.a(lib_a-freer.o)
                0x08001b68                _malloc_trim_r
 .text._free_r  0x08001c08      0x200 c:/progra~2/gnuarm~1/102021~1.10/bin/../lib/gcc/arm-none-eabi/10.3.1/../../../../arm-none-eabi/lib/thumb/v7-m/nofp\libg.a(lib_a-freer.o)
                0x08001c08                _free_r
 .text._fwalk_reent
                0x08001e08       0x48 c:/progra~2/gnuarm~1/102021~1.10/bin/../lib/gcc/arm-none-eabi/10.3.1/../../../../arm-none-eabi/lib/thumb/v7-m/nofp\libg.a(lib_a-fwalk.o)
                0x08001e08                _fwalk_reent
 .text.__retarget_lock_init_recursive
                0x08001e50        0x4 c:/progra~2/gnuarm~1/102021~1.10/bin/../lib/gcc/arm-none-eabi/10.3.1/../../../../arm-none-eabi/lib/thumb/v7-m/nofp\libg.a(lib_a-lock.o)
                0x08001e50                __retarget_lock_init_recursive
 .text.__retarget_lock_close_recursive
                0x08001e54        0x4 c:/progra~2/gnuarm~1/102021~1.10/bin/../lib/gcc/arm-none-eabi/10.3.1/../../../../arm-none-eabi/lib/thumb/v7-m/nofp\libg.a(lib_a-lock.o)
                0x08001e54                __retarget_lock_close_recursive
 .text.__retarget_lock_acquire_recursive
                0x08001e58        0x4 c:/progra~2/gnuarm~1/102021~1.10/bin/../lib/gcc/arm-none-eabi/10.3.1/../../../../arm-none-eabi/lib/thumb/v7-m/nofp\libg.a(lib_a-lock.o)
                0x08001e58                __retarget_lock_acquire_recursive
 .text.__retarget_lock_release_recursive
                0x08001e5c        0x4 c:/progra~2/gnuarm~1/102021~1.10/bin/../lib/gcc/arm-none-eabi/10.3.1/../../../../arm-none-eabi/lib/thumb/v7-m/nofp\libg.a(lib_a-lock.o)
                0x08001e5c                __retarget_lock_release_recursive
 .text.__swhatbuf_r
                0x08001e60       0x60 c:/progra~2/gnuarm~1/102021~1.10/bin/../lib/gcc/arm-none-eabi/10.3.1/../../../../arm-none-eabi/lib/thumb/v7-m/nofp\libg.a(lib_a-makebuf.o)
                0x08001e60                __swhatbuf_r
 .text.malloc   0x08001ec0       0x10 c:/progra~2/gnuarm~1/102021~1.10/bin/../lib/gcc/arm-none-eabi/10.3.1/../../../../arm-none-eabi/lib/thumb/v7-m/nofp\libg.a(lib_a-malloc.o)
                0x08001ec0                malloc
 .text._malloc_r
                0x08001ed0      0x558 c:/progra~2/gnuarm~1/102021~1.10/bin/../lib/gcc/arm-none-eabi/10.3.1/../../../../arm-none-eabi/lib/thumb/v7-m/nofp\libg.a(lib_a-mallocr.o)
                0x08001ed0                _malloc_r
 .text.__malloc_lock
                0x08002428        0xc c:/progra~2/gnuarm~1/102021~1.10/bin/../lib/gcc/arm-none-eabi/10.3.1/../../../../arm-none-eabi/lib/thumb/v7-m/nofp\libg.a(lib_a-mlock.o)
                0x08002428                __malloc_lock
 .text.__malloc_unlock
                0x08002434        0xc c:/progra~2/gnuarm~1/102021~1.10/bin/../lib/gcc/arm-none-eabi/10.3.1/../../../../arm-none-eabi/lib/thumb/v7-m/nofp\libg.a(lib_a-mlock.o)
                0x08002434                __malloc_unlock
 .text._sbrk_r  0x08002440       0x24 c:/progra~2/gnuarm~1/102021~1.10/bin/../lib/gcc/arm-none-eabi/10.3.1/../../../../arm-none-eabi/lib/thumb/v7-m/nofp\libg.a(lib_a-sbrkr.o)
                0x08002440                _sbrk_r
 .text.__sread  0x08002464       0x24 c:/progra~2/gnuarm~1/102021~1.10/bin/../lib/gcc/arm-none-eabi/10.3.1/../../../../arm-none-eabi/lib/thumb/v7-m/nofp\libg.a(lib_a-stdio.o)
                0x08002464                __sread
 .text.__swrite
                0x08002488       0x40 c:/progra~2/gnuarm~1/102021~1.10/bin/../lib/gcc/arm-none-eabi/10.3.1/../../../../arm-none-eabi/lib/thumb/v7-m/nofp\libg.a(lib_a-stdio.o)
                0x08002488                __swrite
 .text.__sseek  0x080024c8       0x20 c:/progra~2/gnuarm~1/102021~1.10/bin/../lib/gcc/arm-none-eabi/10.3.1/../../../../arm-none-eabi/lib/thumb/v7-m/nofp\libg.a(lib_a-stdio.o)
                0x080024c8                __sseek
 .text.__sclose
                0x080024e8        0x8 c:/progra~2/gnuarm~1/102021~1.10/bin/../lib/gcc/arm-none-eabi/10.3.1/../../../../arm-none-eabi/lib/thumb/v7-m/nofp\libg.a(lib_a-stdio.o)
                0x080024e8                __sclose
 .text._write_r
                0x080024f0       0x2c c:/progra~2/gnuarm~1/102021~1.10/bin/../lib/gcc/arm-none-eabi/10.3.1/../../../../arm-none-eabi/lib/thumb/v7-m/nofp\libg.a(lib_a-writer.o)
                0x080024f0                _write_r
 .text.__register_exitproc
                0x0800251c       0x8c c:/progra~2/gnuarm~1/102021~1.10/bin/../lib/gcc/arm-none-eabi/10.3.1/../../../../arm-none-eabi/lib/thumb/v7-m/nofp\libg.a(lib_a-__atexit.o)
                0x0800251c                __register_exitproc
 .text._close_r
                0x080025a8       0x24 c:/progra~2/gnuarm~1/102021~1.10/bin/../lib/gcc/arm-none-eabi/10.3.1/../../../../arm-none-eabi/lib/thumb/v7-m/nofp\libg.a(lib_a-closer.o)
                0x080025a8                _close_r
 .text._fclose_r
                0x080025cc       0xcc c:/progra~2/gnuarm~1/102021~1.10/bin/../lib/gcc/arm-none-eabi/10.3.1/../../../../arm-none-eabi/lib/thumb/v7-m/nofp\libg.a(lib_a-fclose.o)
                0x080025cc                _fclose_r
 .text._fstat_r
                0x08002698       0x28 c:/progra~2/gnuarm~1/102021~1.10/bin/../lib/gcc/arm-none-eabi/10.3.1/../../../../arm-none-eabi/lib/thumb/v7-m/nofp\libg.a(lib_a-fstatr.o)
                0x08002698                _fstat_r
 .text._lseek_r
                0x080026c0       0x2c c:/progra~2/gnuarm~1/102021~1.10/bin/../lib/gcc/arm-none-eabi/10.3.1/../../../../arm-none-eabi/lib/thumb/v7-m/nofp\libg.a(lib_a-lseekr.o)
                0x080026c0                _lseek_r
 .text._read_r  0x080026ec       0x2c c:/progra~2/gnuarm~1/102021~1.10/bin/../lib/gcc/arm-none-eabi/10.3.1/../../../../arm-none-eabi/lib/thumb/v7-m/nofp\libg.a(lib_a-readr.o)
                0x080026ec                _read_r
 *(.glue_7)
 .glue_7        0x08002718        0x0 linker stubs
 *(.glue_7t)
 .glue_7t       0x08002718        0x0 linker stubs
 *(.eh_frame)
 .eh_frame      0x08002718        0x0 c:/progra~2/gnuarm~1/102021~1.10/bin/../lib/gcc/arm-none-eabi/10.3.1/thumb/v7-m/nofp/crtbegin.o
 *(.init)
 .init          0x08002718        0x4 c:/progra~2/gnuarm~1/102021~1.10/bin/../lib/gcc/arm-none-eabi/10.3.1/thumb/v7-m/nofp/crti.o
                0x08002718                _init
 .init          0x0800271c        0x8 c:/progra~2/gnuarm~1/102021~1.10/bin/../lib/gcc/arm-none-eabi/10.3.1/thumb/v7-m/nofp/crtn.o
 *(.fini)
 .fini          0x08002724        0x4 c:/progra~2/gnuarm~1/102021~1.10/bin/../lib/gcc/arm-none-eabi/10.3.1/thumb/v7-m/nofp/crti.o
                0x08002724                _fini
 .fini          0x08002728        0x8 c:/progra~2/gnuarm~1/102021~1.10/bin/../lib/gcc/arm-none-eabi/10.3.1/thumb/v7-m/nofp/crtn.o
                0x08002730                . = ALIGN (0x4)
                0x08002730                _etext = .

.vfp11_veneer   0x08002730        0x0
 .vfp11_veneer  0x08002730        0x0 linker stubs

.v4_bx          0x08002730        0x0
 .v4_bx         0x08002730        0x0 linker stubs

.iplt           0x08002730        0x0
 .iplt          0x08002730        0x0 c:/progra~2/gnuarm~1/102021~1.10/bin/../lib/gcc/arm-none-eabi/10.3.1/thumb/v7-m/nofp/crtbegin.o

.rodata         0x08002730       0x30
                0x08002730                . = ALIGN (0x4)
 *(.rodata)
 *(.rodata*)
 .rodata.AHBPrescTable
                0x08002730       0x10 CMakeFiles/STM32.elf.dir/Core/Src/system_stm32f1xx.obj
                0x08002730                AHBPrescTable
 .rodata.APBPrescTable
                0x08002740        0x8 CMakeFiles/STM32.elf.dir/Core/Src/system_stm32f1xx.obj
                0x08002740                APBPrescTable
 .rodata.aPLLMULFactorTable.1
                0x08002748       0x10 CMakeFiles/STM32.elf.dir/Drivers/STM32F1xx_HAL_Driver/Src/stm32f1xx_hal_rcc.obj
 .rodata.aPredivFactorTable.0
                0x08002758        0x2 CMakeFiles/STM32.elf.dir/Drivers/STM32F1xx_HAL_Driver/Src/stm32f1xx_hal_rcc.obj
 *fill*         0x0800275a        0x2 
 .rodata._global_impure_ptr
                0x0800275c        0x4 c:/progra~2/gnuarm~1/102021~1.10/bin/../lib/gcc/arm-none-eabi/10.3.1/../../../../arm-none-eabi/lib/thumb/v7-m/nofp\libg.a(lib_a-impure.o)
                0x0800275c                _global_impure_ptr
                0x08002760                . = ALIGN (0x4)

.rel.dyn        0x08002760        0x0
 .rel.iplt      0x08002760        0x0 c:/progra~2/gnuarm~1/102021~1.10/bin/../lib/gcc/arm-none-eabi/10.3.1/thumb/v7-m/nofp/crtbegin.o

.ARM.extab      0x08002760        0x0
                0x08002760                . = ALIGN (0x4)
 *(.ARM.extab* .gnu.linkonce.armextab.*)
                0x08002760                . = ALIGN (0x4)

.ARM            0x08002760        0x0
                0x08002760                . = ALIGN (0x4)
                0x08002760                __exidx_start = .
 *(.ARM.exidx*)
                0x08002760                __exidx_end = .
                0x08002760                . = ALIGN (0x4)

.preinit_array  0x08002760        0x0
                0x08002760                . = ALIGN (0x4)
                0x08002760                PROVIDE (__preinit_array_start = .)
 *(.preinit_array*)
                0x08002760                PROVIDE (__preinit_array_end = .)
                0x08002760                . = ALIGN (0x4)

.init_array     0x08002760        0x8
                0x08002760                . = ALIGN (0x4)
                0x08002760                PROVIDE (__init_array_start = .)
 *(SORT_BY_NAME(.init_array.*))
 .init_array.00000
                0x08002760        0x4 c:/progra~2/gnuarm~1/102021~1.10/bin/../lib/gcc/arm-none-eabi/10.3.1/../../../../arm-none-eabi/lib/thumb/v7-m/nofp\libg.a(lib_a-__call_atexit.o)
 *(.init_array*)
 .init_array    0x08002764        0x4 c:/progra~2/gnuarm~1/102021~1.10/bin/../lib/gcc/arm-none-eabi/10.3.1/thumb/v7-m/nofp/crtbegin.o
                0x08002768                PROVIDE (__init_array_end = .)
                0x08002768                . = ALIGN (0x4)

.fini_array     0x08002768        0x4
                0x08002768                . = ALIGN (0x4)
                0x08002768                PROVIDE (__fini_array_start = .)
 *(SORT_BY_NAME(.fini_array.*))
 *(.fini_array*)
 .fini_array    0x08002768        0x4 c:/progra~2/gnuarm~1/102021~1.10/bin/../lib/gcc/arm-none-eabi/10.3.1/thumb/v7-m/nofp/crtbegin.o
                0x0800276c                PROVIDE (__fini_array_end = .)
                0x0800276c                . = ALIGN (0x4)
                0x0800276c                _sidata = LOADADDR (.data)

.data           0x20000000      0x84c load address 0x0800276c
                0x20000000                . = ALIGN (0x4)
                0x20000000                _sdata = .
 *(.data)
 *(.data*)
 .data.SystemCoreClock
                0x20000000        0x4 CMakeFiles/STM32.elf.dir/Core/Src/system_stm32f1xx.obj
                0x20000000                SystemCoreClock
 .data.uwTickFreq
                0x20000004        0x1 CMakeFiles/STM32.elf.dir/Drivers/STM32F1xx_HAL_Driver/Src/stm32f1xx_hal.obj
                0x20000004                uwTickFreq
 *fill*         0x20000005        0x3 
 .data.uwTickPrio
                0x20000008        0x4 CMakeFiles/STM32.elf.dir/Drivers/STM32F1xx_HAL_Driver/Src/stm32f1xx_hal.obj
                0x20000008                uwTickPrio
 .data._impure_ptr
                0x2000000c        0x4 c:/progra~2/gnuarm~1/102021~1.10/bin/../lib/gcc/arm-none-eabi/10.3.1/../../../../arm-none-eabi/lib/thumb/v7-m/nofp\libg.a(lib_a-impure.o)
                0x2000000c                _impure_ptr
 .data.impure_data
                0x20000010      0x428 c:/progra~2/gnuarm~1/102021~1.10/bin/../lib/gcc/arm-none-eabi/10.3.1/../../../../arm-none-eabi/lib/thumb/v7-m/nofp\libg.a(lib_a-impure.o)
 .data.__atexit_recursive_mutex
                0x20000438        0x4 c:/progra~2/gnuarm~1/102021~1.10/bin/../lib/gcc/arm-none-eabi/10.3.1/../../../../arm-none-eabi/lib/thumb/v7-m/nofp\libg.a(lib_a-__call_atexit.o)
                0x20000438                __atexit_recursive_mutex
 .data.__malloc_av_
                0x2000043c      0x408 c:/progra~2/gnuarm~1/102021~1.10/bin/../lib/gcc/arm-none-eabi/10.3.1/../../../../arm-none-eabi/lib/thumb/v7-m/nofp\libg.a(lib_a-mallocr.o)
                0x2000043c                __malloc_av_
 .data.__malloc_sbrk_base
                0x20000844        0x4 c:/progra~2/gnuarm~1/102021~1.10/bin/../lib/gcc/arm-none-eabi/10.3.1/../../../../arm-none-eabi/lib/thumb/v7-m/nofp\libg.a(lib_a-mallocr.o)
                0x20000844                __malloc_sbrk_base
 .data.__malloc_trim_threshold
                0x20000848        0x4 c:/progra~2/gnuarm~1/102021~1.10/bin/../lib/gcc/arm-none-eabi/10.3.1/../../../../arm-none-eabi/lib/thumb/v7-m/nofp\libg.a(lib_a-mallocr.o)
                0x20000848                __malloc_trim_threshold
 *(.RamFunc)
 *(.RamFunc*)
                0x2000084c                . = ALIGN (0x4)
                0x2000084c                _edata = .

.igot.plt       0x2000084c        0x0 load address 0x08002fb8
 .igot.plt      0x2000084c        0x0 c:/progra~2/gnuarm~1/102021~1.10/bin/../lib/gcc/arm-none-eabi/10.3.1/thumb/v7-m/nofp/crtbegin.o
                0x2000084c                . = ALIGN (0x4)

.bss            0x2000084c      0x100 load address 0x08002fb8
                0x2000084c                _sbss = .
                0x2000084c                __bss_start__ = _sbss
 *(.bss)
 .bss           0x2000084c       0x1c c:/progra~2/gnuarm~1/102021~1.10/bin/../lib/gcc/arm-none-eabi/10.3.1/thumb/v7-m/nofp/crtbegin.o
 *(.bss*)
 .bss.gHuart    0x20000868        0x4 CMakeFiles/STM32.elf.dir/Core/Src/retarget.obj
                0x20000868                gHuart
 .bss.__sbrk_heap_end
                0x2000086c        0x4 CMakeFiles/STM32.elf.dir/Core/Src/sysmem.obj
 .bss.htim2     0x20000870       0x48 CMakeFiles/STM32.elf.dir/Core/Src/tim.obj
                0x20000870                htim2
 .bss.huart1    0x200008b8       0x48 CMakeFiles/STM32.elf.dir/Core/Src/usart.obj
                0x200008b8                huart1
 .bss.uwTick    0x20000900        0x4 CMakeFiles/STM32.elf.dir/Drivers/STM32F1xx_HAL_Driver/Src/stm32f1xx_hal.obj
                0x20000900                uwTick
 .bss.__lock___atexit_recursive_mutex
                0x20000904        0x1 c:/progra~2/gnuarm~1/102021~1.10/bin/../lib/gcc/arm-none-eabi/10.3.1/../../../../arm-none-eabi/lib/thumb/v7-m/nofp\libg.a(lib_a-lock.o)
                0x20000904                __lock___atexit_recursive_mutex
 *fill*         0x20000905        0x3 
 .bss.__lock___malloc_recursive_mutex
                0x20000908        0x1 c:/progra~2/gnuarm~1/102021~1.10/bin/../lib/gcc/arm-none-eabi/10.3.1/../../../../arm-none-eabi/lib/thumb/v7-m/nofp\libg.a(lib_a-lock.o)
                0x20000908                __lock___malloc_recursive_mutex
 *fill*         0x20000909        0x3 
 .bss.__lock___sfp_recursive_mutex
                0x2000090c        0x1 c:/progra~2/gnuarm~1/102021~1.10/bin/../lib/gcc/arm-none-eabi/10.3.1/../../../../arm-none-eabi/lib/thumb/v7-m/nofp\libg.a(lib_a-lock.o)
                0x2000090c                __lock___sfp_recursive_mutex
 *fill*         0x2000090d        0x3 
 .bss.__lock___sinit_recursive_mutex
                0x20000910        0x1 c:/progra~2/gnuarm~1/102021~1.10/bin/../lib/gcc/arm-none-eabi/10.3.1/../../../../arm-none-eabi/lib/thumb/v7-m/nofp\libg.a(lib_a-lock.o)
                0x20000910                __lock___sinit_recursive_mutex
 *fill*         0x20000911        0x3 
 .bss.__malloc_current_mallinfo
                0x20000914       0x28 c:/progra~2/gnuarm~1/102021~1.10/bin/../lib/gcc/arm-none-eabi/10.3.1/../../../../arm-none-eabi/lib/thumb/v7-m/nofp\libg.a(lib_a-mallocr.o)
                0x20000914                __malloc_current_mallinfo
 .bss.__malloc_max_sbrked_mem
                0x2000093c        0x4 c:/progra~2/gnuarm~1/102021~1.10/bin/../lib/gcc/arm-none-eabi/10.3.1/../../../../arm-none-eabi/lib/thumb/v7-m/nofp\libg.a(lib_a-mallocr.o)
                0x2000093c                __malloc_max_sbrked_mem
 .bss.__malloc_max_total_mem
                0x20000940        0x4 c:/progra~2/gnuarm~1/102021~1.10/bin/../lib/gcc/arm-none-eabi/10.3.1/../../../../arm-none-eabi/lib/thumb/v7-m/nofp\libg.a(lib_a-mallocr.o)
                0x20000940                __malloc_max_total_mem
 .bss.__malloc_top_pad
                0x20000944        0x4 c:/progra~2/gnuarm~1/102021~1.10/bin/../lib/gcc/arm-none-eabi/10.3.1/../../../../arm-none-eabi/lib/thumb/v7-m/nofp\libg.a(lib_a-mallocr.o)
                0x20000944                __malloc_top_pad
 .bss.errno     0x20000948        0x4 c:/progra~2/gnuarm~1/102021~1.10/bin/../lib/gcc/arm-none-eabi/10.3.1/../../../../arm-none-eabi/lib/thumb/v7-m/nofp\libg.a(lib_a-reent.o)
                0x20000948                errno
 *(COMMON)
                0x2000094c                . = ALIGN (0x4)
                0x2000094c                _ebss = .
                0x2000094c                __bss_end__ = _ebss

._user_heap_stack
                0x2000094c      0x604 load address 0x08002fb8
                0x20000950                . = ALIGN (0x8)
 *fill*         0x2000094c        0x4 
                [!provide]                PROVIDE (end = .)
                0x20000950                PROVIDE (_end = .)
                0x20000b50                . = (. + _Min_Heap_Size)
 *fill*         0x20000950      0x200 
                0x20000f50                . = (. + _Min_Stack_Size)
 *fill*         0x20000b50      0x400 
                0x20000f50                . = ALIGN (0x8)

/DISCARD/
 libc.a(*)
 libm.a(*)
 libgcc.a(*)

.ARM.attributes
                0x00000000       0x29
 *(.ARM.attributes)
 .ARM.attributes
                0x00000000       0x1d c:/progra~2/gnuarm~1/102021~1.10/bin/../lib/gcc/arm-none-eabi/10.3.1/thumb/v7-m/nofp/crti.o
 .ARM.attributes
                0x0000001d       0x2d c:/progra~2/gnuarm~1/102021~1.10/bin/../lib/gcc/arm-none-eabi/10.3.1/thumb/v7-m/nofp/crtbegin.o
 .ARM.attributes
                0x0000004a       0x2d CMakeFiles/STM32.elf.dir/Core/Src/gpio.obj
 .ARM.attributes
                0x00000077       0x2d CMakeFiles/STM32.elf.dir/Core/Src/main.obj
 .ARM.attributes
                0x000000a4       0x2d CMakeFiles/STM32.elf.dir/Core/Src/retarget.obj
 .ARM.attributes
                0x000000d1       0x2d CMakeFiles/STM32.elf.dir/Core/Src/stm32f1xx_hal_msp.obj
 .ARM.attributes
                0x000000fe       0x2d CMakeFiles/STM32.elf.dir/Core/Src/stm32f1xx_it.obj
 .ARM.attributes
                0x0000012b       0x2d CMakeFiles/STM32.elf.dir/Core/Src/sysmem.obj
 .ARM.attributes
                0x00000158       0x2d CMakeFiles/STM32.elf.dir/Core/Src/system_stm32f1xx.obj
 .ARM.attributes
                0x00000185       0x2d CMakeFiles/STM32.elf.dir/Core/Src/tim.obj
 .ARM.attributes
                0x000001b2       0x2d CMakeFiles/STM32.elf.dir/Core/Src/usart.obj
 .ARM.attributes
                0x000001df       0x21 CMakeFiles/STM32.elf.dir/Core/Startup/startup_stm32f103c8tx.obj
 .ARM.attributes
                0x00000200       0x2d CMakeFiles/STM32.elf.dir/Drivers/STM32F1xx_HAL_Driver/Src/stm32f1xx_hal.obj
 .ARM.attributes
                0x0000022d       0x2d CMakeFiles/STM32.elf.dir/Drivers/STM32F1xx_HAL_Driver/Src/stm32f1xx_hal_cortex.obj
 .ARM.attributes
                0x0000025a       0x2d CMakeFiles/STM32.elf.dir/Drivers/STM32F1xx_HAL_Driver/Src/stm32f1xx_hal_gpio.obj
 .ARM.attributes
                0x00000287       0x2d CMakeFiles/STM32.elf.dir/Drivers/STM32F1xx_HAL_Driver/Src/stm32f1xx_hal_rcc.obj
 .ARM.attributes
                0x000002b4       0x2d CMakeFiles/STM32.elf.dir/Drivers/STM32F1xx_HAL_Driver/Src/stm32f1xx_hal_tim.obj
 .ARM.attributes
                0x000002e1       0x2d CMakeFiles/STM32.elf.dir/Drivers/STM32F1xx_HAL_Driver/Src/stm32f1xx_hal_tim_ex.obj
 .ARM.attributes
                0x0000030e       0x2d CMakeFiles/STM32.elf.dir/Drivers/STM32F1xx_HAL_Driver/Src/stm32f1xx_hal_uart.obj
 .ARM.attributes
                0x0000033b       0x2d c:/progra~2/gnuarm~1/102021~1.10/bin/../lib/gcc/arm-none-eabi/10.3.1/../../../../arm-none-eabi/lib/thumb/v7-m/nofp\libg.a(lib_a-errno.o)
 .ARM.attributes
                0x00000368       0x2d c:/progra~2/gnuarm~1/102021~1.10/bin/../lib/gcc/arm-none-eabi/10.3.1/../../../../arm-none-eabi/lib/thumb/v7-m/nofp\libg.a(lib_a-impure.o)
 .ARM.attributes
                0x00000395       0x2d c:/progra~2/gnuarm~1/102021~1.10/bin/../lib/gcc/arm-none-eabi/10.3.1/../../../../arm-none-eabi/lib/thumb/v7-m/nofp\libg.a(lib_a-init.o)
 .ARM.attributes
                0x000003c2       0x2d c:/progra~2/gnuarm~1/102021~1.10/bin/../lib/gcc/arm-none-eabi/10.3.1/../../../../arm-none-eabi/lib/thumb/v7-m/nofp\libg.a(lib_a-memset.o)
 .ARM.attributes
                0x000003ef       0x2d c:/progra~2/gnuarm~1/102021~1.10/bin/../lib/gcc/arm-none-eabi/10.3.1/../../../../arm-none-eabi/lib/thumb/v7-m/nofp\libg.a(lib_a-setvbuf.o)
 .ARM.attributes
                0x0000041c       0x2d c:/progra~2/gnuarm~1/102021~1.10/bin/../lib/gcc/arm-none-eabi/10.3.1/../../../../arm-none-eabi/lib/thumb/v7-m/nofp\libg.a(lib_a-__call_atexit.o)
 .ARM.attributes
                0x00000449       0x2d c:/progra~2/gnuarm~1/102021~1.10/bin/../lib/gcc/arm-none-eabi/10.3.1/../../../../arm-none-eabi/lib/thumb/v7-m/nofp\libg.a(lib_a-atexit.o)
 .ARM.attributes
                0x00000476       0x2d c:/progra~2/gnuarm~1/102021~1.10/bin/../lib/gcc/arm-none-eabi/10.3.1/../../../../arm-none-eabi/lib/thumb/v7-m/nofp\libg.a(lib_a-fflush.o)
 .ARM.attributes
                0x000004a3       0x2d c:/progra~2/gnuarm~1/102021~1.10/bin/../lib/gcc/arm-none-eabi/10.3.1/../../../../arm-none-eabi/lib/thumb/v7-m/nofp\libg.a(lib_a-findfp.o)
 .ARM.attributes
                0x000004d0       0x2d c:/progra~2/gnuarm~1/102021~1.10/bin/../lib/gcc/arm-none-eabi/10.3.1/../../../../arm-none-eabi/lib/thumb/v7-m/nofp\libg.a(lib_a-fini.o)
 .ARM.attributes
                0x000004fd       0x2d c:/progra~2/gnuarm~1/102021~1.10/bin/../lib/gcc/arm-none-eabi/10.3.1/../../../../arm-none-eabi/lib/thumb/v7-m/nofp\libg.a(lib_a-freer.o)
 .ARM.attributes
                0x0000052a       0x2d c:/progra~2/gnuarm~1/102021~1.10/bin/../lib/gcc/arm-none-eabi/10.3.1/../../../../arm-none-eabi/lib/thumb/v7-m/nofp\libg.a(lib_a-fwalk.o)
 .ARM.attributes
                0x00000557       0x2d c:/progra~2/gnuarm~1/102021~1.10/bin/../lib/gcc/arm-none-eabi/10.3.1/../../../../arm-none-eabi/lib/thumb/v7-m/nofp\libg.a(lib_a-lock.o)
 .ARM.attributes
                0x00000584       0x2d c:/progra~2/gnuarm~1/102021~1.10/bin/../lib/gcc/arm-none-eabi/10.3.1/../../../../arm-none-eabi/lib/thumb/v7-m/nofp\libg.a(lib_a-makebuf.o)
 .ARM.attributes
                0x000005b1       0x2d c:/progra~2/gnuarm~1/102021~1.10/bin/../lib/gcc/arm-none-eabi/10.3.1/../../../../arm-none-eabi/lib/thumb/v7-m/nofp\libg.a(lib_a-malloc.o)
 .ARM.attributes
                0x000005de       0x2d c:/progra~2/gnuarm~1/102021~1.10/bin/../lib/gcc/arm-none-eabi/10.3.1/../../../../arm-none-eabi/lib/thumb/v7-m/nofp\libg.a(lib_a-mallocr.o)
 .ARM.attributes
                0x0000060b       0x2d c:/progra~2/gnuarm~1/102021~1.10/bin/../lib/gcc/arm-none-eabi/10.3.1/../../../../arm-none-eabi/lib/thumb/v7-m/nofp\libg.a(lib_a-mlock.o)
 .ARM.attributes
                0x00000638       0x2d c:/progra~2/gnuarm~1/102021~1.10/bin/../lib/gcc/arm-none-eabi/10.3.1/../../../../arm-none-eabi/lib/thumb/v7-m/nofp\libg.a(lib_a-sbrkr.o)
 .ARM.attributes
                0x00000665       0x2d c:/progra~2/gnuarm~1/102021~1.10/bin/../lib/gcc/arm-none-eabi/10.3.1/../../../../arm-none-eabi/lib/thumb/v7-m/nofp\libg.a(lib_a-stdio.o)
 .ARM.attributes
                0x00000692       0x2d c:/progra~2/gnuarm~1/102021~1.10/bin/../lib/gcc/arm-none-eabi/10.3.1/../../../../arm-none-eabi/lib/thumb/v7-m/nofp\libg.a(lib_a-writer.o)
 .ARM.attributes
                0x000006bf       0x2d c:/progra~2/gnuarm~1/102021~1.10/bin/../lib/gcc/arm-none-eabi/10.3.1/../../../../arm-none-eabi/lib/thumb/v7-m/nofp\libg.a(lib_a-__atexit.o)
 .ARM.attributes
                0x000006ec       0x2d c:/progra~2/gnuarm~1/102021~1.10/bin/../lib/gcc/arm-none-eabi/10.3.1/../../../../arm-none-eabi/lib/thumb/v7-m/nofp\libg.a(lib_a-closer.o)
 .ARM.attributes
                0x00000719       0x2d c:/progra~2/gnuarm~1/102021~1.10/bin/../lib/gcc/arm-none-eabi/10.3.1/../../../../arm-none-eabi/lib/thumb/v7-m/nofp\libg.a(lib_a-fclose.o)
 .ARM.attributes
                0x00000746       0x2d c:/progra~2/gnuarm~1/102021~1.10/bin/../lib/gcc/arm-none-eabi/10.3.1/../../../../arm-none-eabi/lib/thumb/v7-m/nofp\libg.a(lib_a-fstatr.o)
 .ARM.attributes
                0x00000773       0x2d c:/progra~2/gnuarm~1/102021~1.10/bin/../lib/gcc/arm-none-eabi/10.3.1/../../../../arm-none-eabi/lib/thumb/v7-m/nofp\libg.a(lib_a-lseekr.o)
 .ARM.attributes
                0x000007a0       0x2d c:/progra~2/gnuarm~1/102021~1.10/bin/../lib/gcc/arm-none-eabi/10.3.1/../../../../arm-none-eabi/lib/thumb/v7-m/nofp\libg.a(lib_a-readr.o)
 .ARM.attributes
                0x000007cd       0x2d c:/progra~2/gnuarm~1/102021~1.10/bin/../lib/gcc/arm-none-eabi/10.3.1/../../../../arm-none-eabi/lib/thumb/v7-m/nofp\libg.a(lib_a-reent.o)
 .ARM.attributes
                0x000007fa       0x1d c:/progra~2/gnuarm~1/102021~1.10/bin/../lib/gcc/arm-none-eabi/10.3.1/thumb/v7-m/nofp/crtn.o
OUTPUT(STM32.elf elf32-littlearm)
LOAD linker stubs
LOAD c:/progra~2/gnuarm~1/102021~1.10/bin/../lib/gcc/arm-none-eabi/10.3.1/../../../../arm-none-eabi/lib/thumb/v7-m/nofp\libc.a
LOAD c:/progra~2/gnuarm~1/102021~1.10/bin/../lib/gcc/arm-none-eabi/10.3.1/../../../../arm-none-eabi/lib/thumb/v7-m/nofp\libm.a
LOAD c:/progra~2/gnuarm~1/102021~1.10/bin/../lib/gcc/arm-none-eabi/10.3.1/thumb/v7-m/nofp\libgcc.a

.debug_info     0x00000000     0xfab4
 .debug_info    0x00000000      0x4f6 CMakeFiles/STM32.elf.dir/Core/Src/gpio.obj
 .debug_info    0x000004f6      0x820 CMakeFiles/STM32.elf.dir/Core/Src/main.obj
 .debug_info    0x00000d16     0x12d5 CMakeFiles/STM32.elf.dir/Core/Src/retarget.obj
 .debug_info    0x00001feb      0x211 CMakeFiles/STM32.elf.dir/Core/Src/stm32f1xx_hal_msp.obj
 .debug_info    0x000021fc      0x1ef CMakeFiles/STM32.elf.dir/Core/Src/stm32f1xx_it.obj
 .debug_info    0x000023eb      0x174 CMakeFiles/STM32.elf.dir/Core/Src/sysmem.obj
 .debug_info    0x0000255f      0x248 CMakeFiles/STM32.elf.dir/Core/Src/system_stm32f1xx.obj
 .debug_info    0x000027a7      0xa9b CMakeFiles/STM32.elf.dir/Core/Src/tim.obj
 .debug_info    0x00003242      0x855 CMakeFiles/STM32.elf.dir/Core/Src/usart.obj
 .debug_info    0x00003a97       0x22 CMakeFiles/STM32.elf.dir/Core/Startup/startup_stm32f103c8tx.obj
 .debug_info    0x00003ab9      0x7a8 CMakeFiles/STM32.elf.dir/Drivers/STM32F1xx_HAL_Driver/Src/stm32f1xx_hal.obj
 .debug_info    0x00004261      0xd8a CMakeFiles/STM32.elf.dir/Drivers/STM32F1xx_HAL_Driver/Src/stm32f1xx_hal_cortex.obj
 .debug_info    0x00004feb      0x66f CMakeFiles/STM32.elf.dir/Drivers/STM32F1xx_HAL_Driver/Src/stm32f1xx_hal_gpio.obj
 .debug_info    0x0000565a      0xa3b CMakeFiles/STM32.elf.dir/Drivers/STM32F1xx_HAL_Driver/Src/stm32f1xx_hal_rcc.obj
 .debug_info    0x00006095     0x3d52 CMakeFiles/STM32.elf.dir/Drivers/STM32F1xx_HAL_Driver/Src/stm32f1xx_hal_tim.obj
 .debug_info    0x00009de7     0x1abb CMakeFiles/STM32.elf.dir/Drivers/STM32F1xx_HAL_Driver/Src/stm32f1xx_hal_tim_ex.obj
 .debug_info    0x0000b8a2     0x4212 CMakeFiles/STM32.elf.dir/Drivers/STM32F1xx_HAL_Driver/Src/stm32f1xx_hal_uart.obj

.debug_abbrev   0x00000000     0x1e92
 .debug_abbrev  0x00000000      0x158 CMakeFiles/STM32.elf.dir/Core/Src/gpio.obj
 .debug_abbrev  0x00000158      0x1e5 CMakeFiles/STM32.elf.dir/Core/Src/main.obj
 .debug_abbrev  0x0000033d      0x2b4 CMakeFiles/STM32.elf.dir/Core/Src/retarget.obj
 .debug_abbrev  0x000005f1       0xe5 CMakeFiles/STM32.elf.dir/Core/Src/stm32f1xx_hal_msp.obj
 .debug_abbrev  0x000006d6       0xc4 CMakeFiles/STM32.elf.dir/Core/Src/stm32f1xx_it.obj
 .debug_abbrev  0x0000079a       0xe7 CMakeFiles/STM32.elf.dir/Core/Src/sysmem.obj
 .debug_abbrev  0x00000881      0x13e CMakeFiles/STM32.elf.dir/Core/Src/system_stm32f1xx.obj
 .debug_abbrev  0x000009bf      0x1fa CMakeFiles/STM32.elf.dir/Core/Src/tim.obj
 .debug_abbrev  0x00000bb9      0x1c8 CMakeFiles/STM32.elf.dir/Core/Src/usart.obj
 .debug_abbrev  0x00000d81       0x12 CMakeFiles/STM32.elf.dir/Core/Startup/startup_stm32f103c8tx.obj
 .debug_abbrev  0x00000d93      0x1f4 CMakeFiles/STM32.elf.dir/Drivers/STM32F1xx_HAL_Driver/Src/stm32f1xx_hal.obj
 .debug_abbrev  0x00000f87      0x341 CMakeFiles/STM32.elf.dir/Drivers/STM32F1xx_HAL_Driver/Src/stm32f1xx_hal_cortex.obj
 .debug_abbrev  0x000012c8      0x1e6 CMakeFiles/STM32.elf.dir/Drivers/STM32F1xx_HAL_Driver/Src/stm32f1xx_hal_gpio.obj
 .debug_abbrev  0x000014ae      0x27a CMakeFiles/STM32.elf.dir/Drivers/STM32F1xx_HAL_Driver/Src/stm32f1xx_hal_rcc.obj
 .debug_abbrev  0x00001728      0x245 CMakeFiles/STM32.elf.dir/Drivers/STM32F1xx_HAL_Driver/Src/stm32f1xx_hal_tim.obj
 .debug_abbrev  0x0000196d      0x248 CMakeFiles/STM32.elf.dir/Drivers/STM32F1xx_HAL_Driver/Src/stm32f1xx_hal_tim_ex.obj
 .debug_abbrev  0x00001bb5      0x2dd CMakeFiles/STM32.elf.dir/Drivers/STM32F1xx_HAL_Driver/Src/stm32f1xx_hal_uart.obj

.debug_aranges  0x00000000      0xba0
 .debug_aranges
                0x00000000       0x20 CMakeFiles/STM32.elf.dir/Core/Src/gpio.obj
 .debug_aranges
                0x00000020       0x30 CMakeFiles/STM32.elf.dir/Core/Src/main.obj
 .debug_aranges
                0x00000050       0x50 CMakeFiles/STM32.elf.dir/Core/Src/retarget.obj
 .debug_aranges
                0x000000a0       0x20 CMakeFiles/STM32.elf.dir/Core/Src/stm32f1xx_hal_msp.obj
 .debug_aranges
                0x000000c0       0x78 CMakeFiles/STM32.elf.dir/Core/Src/stm32f1xx_it.obj
 .debug_aranges
                0x00000138       0x20 CMakeFiles/STM32.elf.dir/Core/Src/sysmem.obj
 .debug_aranges
                0x00000158       0x28 CMakeFiles/STM32.elf.dir/Core/Src/system_stm32f1xx.obj
 .debug_aranges
                0x00000180       0x30 CMakeFiles/STM32.elf.dir/Core/Src/tim.obj
 .debug_aranges
                0x000001b0       0x30 CMakeFiles/STM32.elf.dir/Core/Src/usart.obj
 .debug_aranges
                0x000001e0       0x28 CMakeFiles/STM32.elf.dir/Core/Startup/startup_stm32f103c8tx.obj
 .debug_aranges
                0x00000208       0xe0 CMakeFiles/STM32.elf.dir/Drivers/STM32F1xx_HAL_Driver/Src/stm32f1xx_hal.obj
 .debug_aranges
                0x000002e8       0x90 CMakeFiles/STM32.elf.dir/Drivers/STM32F1xx_HAL_Driver/Src/stm32f1xx_hal_cortex.obj
 .debug_aranges
                0x00000378       0x58 CMakeFiles/STM32.elf.dir/Drivers/STM32F1xx_HAL_Driver/Src/stm32f1xx_hal_gpio.obj
 .debug_aranges
                0x000003d0       0x90 CMakeFiles/STM32.elf.dir/Drivers/STM32F1xx_HAL_Driver/Src/stm32f1xx_hal_rcc.obj
 .debug_aranges
                0x00000460      0x3d0 CMakeFiles/STM32.elf.dir/Drivers/STM32F1xx_HAL_Driver/Src/stm32f1xx_hal_tim.obj
 .debug_aranges
                0x00000830      0x168 CMakeFiles/STM32.elf.dir/Drivers/STM32F1xx_HAL_Driver/Src/stm32f1xx_hal_tim_ex.obj
 .debug_aranges
                0x00000998      0x208 CMakeFiles/STM32.elf.dir/Drivers/STM32F1xx_HAL_Driver/Src/stm32f1xx_hal_uart.obj

.debug_ranges   0x00000000      0xb30
 .debug_ranges  0x00000000       0x10 CMakeFiles/STM32.elf.dir/Core/Src/gpio.obj
 .debug_ranges  0x00000010       0x20 CMakeFiles/STM32.elf.dir/Core/Src/main.obj
 .debug_ranges  0x00000030       0x40 CMakeFiles/STM32.elf.dir/Core/Src/retarget.obj
 .debug_ranges  0x00000070       0x10 CMakeFiles/STM32.elf.dir/Core/Src/stm32f1xx_hal_msp.obj
 .debug_ranges  0x00000080       0x68 CMakeFiles/STM32.elf.dir/Core/Src/stm32f1xx_it.obj
 .debug_ranges  0x000000e8       0x10 CMakeFiles/STM32.elf.dir/Core/Src/sysmem.obj
 .debug_ranges  0x000000f8       0x18 CMakeFiles/STM32.elf.dir/Core/Src/system_stm32f1xx.obj
 .debug_ranges  0x00000110       0x20 CMakeFiles/STM32.elf.dir/Core/Src/tim.obj
 .debug_ranges  0x00000130       0x20 CMakeFiles/STM32.elf.dir/Core/Src/usart.obj
 .debug_ranges  0x00000150       0x20 CMakeFiles/STM32.elf.dir/Core/Startup/startup_stm32f103c8tx.obj
 .debug_ranges  0x00000170       0xd0 CMakeFiles/STM32.elf.dir/Drivers/STM32F1xx_HAL_Driver/Src/stm32f1xx_hal.obj
 .debug_ranges  0x00000240       0xe0 CMakeFiles/STM32.elf.dir/Drivers/STM32F1xx_HAL_Driver/Src/stm32f1xx_hal_cortex.obj
 .debug_ranges  0x00000320       0x48 CMakeFiles/STM32.elf.dir/Drivers/STM32F1xx_HAL_Driver/Src/stm32f1xx_hal_gpio.obj
 .debug_ranges  0x00000368       0xa0 CMakeFiles/STM32.elf.dir/Drivers/STM32F1xx_HAL_Driver/Src/stm32f1xx_hal_rcc.obj
 .debug_ranges  0x00000408      0x3c0 CMakeFiles/STM32.elf.dir/Drivers/STM32F1xx_HAL_Driver/Src/stm32f1xx_hal_tim.obj
 .debug_ranges  0x000007c8      0x158 CMakeFiles/STM32.elf.dir/Drivers/STM32F1xx_HAL_Driver/Src/stm32f1xx_hal_tim_ex.obj
 .debug_ranges  0x00000920      0x210 CMakeFiles/STM32.elf.dir/Drivers/STM32F1xx_HAL_Driver/Src/stm32f1xx_hal_uart.obj

.debug_line     0x00000000     0xe87f
 .debug_line    0x00000000      0x2bc CMakeFiles/STM32.elf.dir/Core/Src/gpio.obj
 .debug_line    0x000002bc      0x471 CMakeFiles/STM32.elf.dir/Core/Src/main.obj
 .debug_line    0x0000072d      0x4b9 CMakeFiles/STM32.elf.dir/Core/Src/retarget.obj
 .debug_line    0x00000be6      0x1c7 CMakeFiles/STM32.elf.dir/Core/Src/stm32f1xx_hal_msp.obj
 .debug_line    0x00000dad      0x303 CMakeFiles/STM32.elf.dir/Core/Src/stm32f1xx_it.obj
 .debug_line    0x000010b0      0x1d1 CMakeFiles/STM32.elf.dir/Core/Src/sysmem.obj
 .debug_line    0x00001281      0x290 CMakeFiles/STM32.elf.dir/Core/Src/system_stm32f1xx.obj
 .debug_line    0x00001511      0x3fc CMakeFiles/STM32.elf.dir/Core/Src/tim.obj
 .debug_line    0x0000190d      0x3c7 CMakeFiles/STM32.elf.dir/Core/Src/usart.obj
 .debug_line    0x00001cd4       0xc8 CMakeFiles/STM32.elf.dir/Core/Startup/startup_stm32f103c8tx.obj
 .debug_line    0x00001d9c      0x602 CMakeFiles/STM32.elf.dir/Drivers/STM32F1xx_HAL_Driver/Src/stm32f1xx_hal.obj
 .debug_line    0x0000239e      0x6c8 CMakeFiles/STM32.elf.dir/Drivers/STM32F1xx_HAL_Driver/Src/stm32f1xx_hal_cortex.obj
 .debug_line    0x00002a66      0x670 CMakeFiles/STM32.elf.dir/Drivers/STM32F1xx_HAL_Driver/Src/stm32f1xx_hal_gpio.obj
 .debug_line    0x000030d6      0xcad CMakeFiles/STM32.elf.dir/Drivers/STM32F1xx_HAL_Driver/Src/stm32f1xx_hal_rcc.obj
 .debug_line    0x00003d83     0x4a08 CMakeFiles/STM32.elf.dir/Drivers/STM32F1xx_HAL_Driver/Src/stm32f1xx_hal_tim.obj
 .debug_line    0x0000878b     0x1c7d CMakeFiles/STM32.elf.dir/Drivers/STM32F1xx_HAL_Driver/Src/stm32f1xx_hal_tim_ex.obj
 .debug_line    0x0000a408     0x4477 CMakeFiles/STM32.elf.dir/Drivers/STM32F1xx_HAL_Driver/Src/stm32f1xx_hal_uart.obj

.debug_str      0x00000000     0x3e94
 .debug_str     0x00000000      0x583 CMakeFiles/STM32.elf.dir/Core/Src/gpio.obj
                                0x5ce (size before relaxing)
 .debug_str     0x00000583      0x5c8 CMakeFiles/STM32.elf.dir/Core/Src/main.obj
                                0x806 (size before relaxing)
 .debug_str     0x00000b4b      0x558 CMakeFiles/STM32.elf.dir/Core/Src/retarget.obj
                                0xbbd (size before relaxing)
 .debug_str     0x000010a3       0x9c CMakeFiles/STM32.elf.dir/Core/Src/stm32f1xx_hal_msp.obj
                                0x2a1 (size before relaxing)
 .debug_str     0x0000113f      0x147 CMakeFiles/STM32.elf.dir/Core/Src/stm32f1xx_it.obj
                                0x306 (size before relaxing)
 .debug_str     0x00001286       0xb7 CMakeFiles/STM32.elf.dir/Core/Src/sysmem.obj
                                0x29a (size before relaxing)
 .debug_str     0x0000133d       0xc0 CMakeFiles/STM32.elf.dir/Core/Src/system_stm32f1xx.obj
                                0x2d6 (size before relaxing)
 .debug_str     0x000013fd      0x436 CMakeFiles/STM32.elf.dir/Core/Src/tim.obj
                                0x92d (size before relaxing)
 .debug_str     0x00001833       0x93 CMakeFiles/STM32.elf.dir/Core/Src/usart.obj
                                0x742 (size before relaxing)
 .debug_str     0x000018c6       0x78 CMakeFiles/STM32.elf.dir/Core/Startup/startup_stm32f103c8tx.obj
                                 0xcf (size before relaxing)
 .debug_str     0x0000193e      0x33e CMakeFiles/STM32.elf.dir/Drivers/STM32F1xx_HAL_Driver/Src/stm32f1xx_hal.obj
                                0x8a6 (size before relaxing)
 .debug_str     0x00001c7c      0x3f4 CMakeFiles/STM32.elf.dir/Drivers/STM32F1xx_HAL_Driver/Src/stm32f1xx_hal_cortex.obj
                                0x955 (size before relaxing)
 .debug_str     0x00002070      0x171 CMakeFiles/STM32.elf.dir/Drivers/STM32F1xx_HAL_Driver/Src/stm32f1xx_hal_gpio.obj
                                0x482 (size before relaxing)
 .debug_str     0x000021e1      0x236 CMakeFiles/STM32.elf.dir/Drivers/STM32F1xx_HAL_Driver/Src/stm32f1xx_hal_rcc.obj
                                0x6ad (size before relaxing)
 .debug_str     0x00002417      0xec9 CMakeFiles/STM32.elf.dir/Drivers/STM32F1xx_HAL_Driver/Src/stm32f1xx_hal_tim.obj
                               0x16c1 (size before relaxing)
 .debug_str     0x000032e0      0x566 CMakeFiles/STM32.elf.dir/Drivers/STM32F1xx_HAL_Driver/Src/stm32f1xx_hal_tim_ex.obj
                                0xec2 (size before relaxing)
 .debug_str     0x00003846      0x64e CMakeFiles/STM32.elf.dir/Drivers/STM32F1xx_HAL_Driver/Src/stm32f1xx_hal_uart.obj
                                0xd76 (size before relaxing)

.comment        0x00000000       0x49
 .comment       0x00000000       0x49 CMakeFiles/STM32.elf.dir/Core/Src/gpio.obj
                                 0x4a (size before relaxing)
 .comment       0x00000049       0x4a CMakeFiles/STM32.elf.dir/Core/Src/main.obj
 .comment       0x00000049       0x4a CMakeFiles/STM32.elf.dir/Core/Src/retarget.obj
 .comment       0x00000049       0x4a CMakeFiles/STM32.elf.dir/Core/Src/stm32f1xx_hal_msp.obj
 .comment       0x00000049       0x4a CMakeFiles/STM32.elf.dir/Core/Src/stm32f1xx_it.obj
 .comment       0x00000049       0x4a CMakeFiles/STM32.elf.dir/Core/Src/sysmem.obj
 .comment       0x00000049       0x4a CMakeFiles/STM32.elf.dir/Core/Src/system_stm32f1xx.obj
 .comment       0x00000049       0x4a CMakeFiles/STM32.elf.dir/Core/Src/tim.obj
 .comment       0x00000049       0x4a CMakeFiles/STM32.elf.dir/Core/Src/usart.obj
 .comment       0x00000049       0x4a CMakeFiles/STM32.elf.dir/Drivers/STM32F1xx_HAL_Driver/Src/stm32f1xx_hal.obj
 .comment       0x00000049       0x4a CMakeFiles/STM32.elf.dir/Drivers/STM32F1xx_HAL_Driver/Src/stm32f1xx_hal_cortex.obj
 .comment       0x00000049       0x4a CMakeFiles/STM32.elf.dir/Drivers/STM32F1xx_HAL_Driver/Src/stm32f1xx_hal_gpio.obj
 .comment       0x00000049       0x4a CMakeFiles/STM32.elf.dir/Drivers/STM32F1xx_HAL_Driver/Src/stm32f1xx_hal_rcc.obj
 .comment       0x00000049       0x4a CMakeFiles/STM32.elf.dir/Drivers/STM32F1xx_HAL_Driver/Src/stm32f1xx_hal_tim.obj
 .comment       0x00000049       0x4a CMakeFiles/STM32.elf.dir/Drivers/STM32F1xx_HAL_Driver/Src/stm32f1xx_hal_tim_ex.obj
 .comment       0x00000049       0x4a CMakeFiles/STM32.elf.dir/Drivers/STM32F1xx_HAL_Driver/Src/stm32f1xx_hal_uart.obj

.debug_frame    0x00000000     0x2608
 .debug_frame   0x00000000       0x30 CMakeFiles/STM32.elf.dir/Core/Src/gpio.obj
 .debug_frame   0x00000030       0x58 CMakeFiles/STM32.elf.dir/Core/Src/main.obj
 .debug_frame   0x00000088       0xb8 CMakeFiles/STM32.elf.dir/Core/Src/retarget.obj
 .debug_frame   0x00000140       0x28 CMakeFiles/STM32.elf.dir/Core/Src/stm32f1xx_hal_msp.obj
 .debug_frame   0x00000168       0xf0 CMakeFiles/STM32.elf.dir/Core/Src/stm32f1xx_it.obj
 .debug_frame   0x00000258       0x28 CMakeFiles/STM32.elf.dir/Core/Src/sysmem.obj
 .debug_frame   0x00000280       0x30 CMakeFiles/STM32.elf.dir/Core/Src/system_stm32f1xx.obj
 .debug_frame   0x000002b0       0x68 CMakeFiles/STM32.elf.dir/Core/Src/tim.obj
 .debug_frame   0x00000318       0x60 CMakeFiles/STM32.elf.dir/Core/Src/usart.obj
 .debug_frame   0x00000378      0x1cc CMakeFiles/STM32.elf.dir/Drivers/STM32F1xx_HAL_Driver/Src/stm32f1xx_hal.obj
 .debug_frame   0x00000544      0x118 CMakeFiles/STM32.elf.dir/Drivers/STM32F1xx_HAL_Driver/Src/stm32f1xx_hal_cortex.obj
 .debug_frame   0x0000065c       0xe4 CMakeFiles/STM32.elf.dir/Drivers/STM32F1xx_HAL_Driver/Src/stm32f1xx_hal_gpio.obj
 .debug_frame   0x00000740      0x184 CMakeFiles/STM32.elf.dir/Drivers/STM32F1xx_HAL_Driver/Src/stm32f1xx_hal_rcc.obj
 .debug_frame   0x000008c4      0xb18 CMakeFiles/STM32.elf.dir/Drivers/STM32F1xx_HAL_Driver/Src/stm32f1xx_hal_tim.obj
 .debug_frame   0x000013dc      0x40c CMakeFiles/STM32.elf.dir/Drivers/STM32F1xx_HAL_Driver/Src/stm32f1xx_hal_tim_ex.obj
 .debug_frame   0x000017e8      0x5d8 CMakeFiles/STM32.elf.dir/Drivers/STM32F1xx_HAL_Driver/Src/stm32f1xx_hal_uart.obj
 .debug_frame   0x00001dc0       0x20 c:/progra~2/gnuarm~1/102021~1.10/bin/../lib/gcc/arm-none-eabi/10.3.1/../../../../arm-none-eabi/lib/thumb/v7-m/nofp\libg.a(lib_a-errno.o)
 .debug_frame   0x00001de0       0x2c c:/progra~2/gnuarm~1/102021~1.10/bin/../lib/gcc/arm-none-eabi/10.3.1/../../../../arm-none-eabi/lib/thumb/v7-m/nofp\libg.a(lib_a-init.o)
 .debug_frame   0x00001e0c       0x2c c:/progra~2/gnuarm~1/102021~1.10/bin/../lib/gcc/arm-none-eabi/10.3.1/../../../../arm-none-eabi/lib/thumb/v7-m/nofp\libg.a(lib_a-memset.o)
 .debug_frame   0x00001e38       0x48 c:/progra~2/gnuarm~1/102021~1.10/bin/../lib/gcc/arm-none-eabi/10.3.1/../../../../arm-none-eabi/lib/thumb/v7-m/nofp\libg.a(lib_a-setvbuf.o)
 .debug_frame   0x00001e80       0x5c c:/progra~2/gnuarm~1/102021~1.10/bin/../lib/gcc/arm-none-eabi/10.3.1/../../../../arm-none-eabi/lib/thumb/v7-m/nofp\libg.a(lib_a-__call_atexit.o)
 .debug_frame   0x00001edc       0x20 c:/progra~2/gnuarm~1/102021~1.10/bin/../lib/gcc/arm-none-eabi/10.3.1/../../../../arm-none-eabi/lib/thumb/v7-m/nofp\libg.a(lib_a-atexit.o)
 .debug_frame   0x00001efc       0x70 c:/progra~2/gnuarm~1/102021~1.10/bin/../lib/gcc/arm-none-eabi/10.3.1/../../../../arm-none-eabi/lib/thumb/v7-m/nofp\libg.a(lib_a-fflush.o)
 .debug_frame   0x00001f6c      0x154 c:/progra~2/gnuarm~1/102021~1.10/bin/../lib/gcc/arm-none-eabi/10.3.1/../../../../arm-none-eabi/lib/thumb/v7-m/nofp\libg.a(lib_a-findfp.o)
 .debug_frame   0x000020c0       0x34 c:/progra~2/gnuarm~1/102021~1.10/bin/../lib/gcc/arm-none-eabi/10.3.1/../../../../arm-none-eabi/lib/thumb/v7-m/nofp\libg.a(lib_a-fini.o)
 .debug_frame   0x000020f4       0x8c c:/progra~2/gnuarm~1/102021~1.10/bin/../lib/gcc/arm-none-eabi/10.3.1/../../../../arm-none-eabi/lib/thumb/v7-m/nofp\libg.a(lib_a-freer.o)
 .debug_frame   0x00002180       0x54 c:/progra~2/gnuarm~1/102021~1.10/bin/../lib/gcc/arm-none-eabi/10.3.1/../../../../arm-none-eabi/lib/thumb/v7-m/nofp\libg.a(lib_a-fwalk.o)
 .debug_frame   0x000021d4       0xb0 c:/progra~2/gnuarm~1/102021~1.10/bin/../lib/gcc/arm-none-eabi/10.3.1/../../../../arm-none-eabi/lib/thumb/v7-m/nofp\libg.a(lib_a-lock.o)
 .debug_frame   0x00002284       0x70 c:/progra~2/gnuarm~1/102021~1.10/bin/../lib/gcc/arm-none-eabi/10.3.1/../../../../arm-none-eabi/lib/thumb/v7-m/nofp\libg.a(lib_a-makebuf.o)
 .debug_frame   0x000022f4       0x30 c:/progra~2/gnuarm~1/102021~1.10/bin/../lib/gcc/arm-none-eabi/10.3.1/../../../../arm-none-eabi/lib/thumb/v7-m/nofp\libg.a(lib_a-malloc.o)
 .debug_frame   0x00002324       0x4c c:/progra~2/gnuarm~1/102021~1.10/bin/../lib/gcc/arm-none-eabi/10.3.1/../../../../arm-none-eabi/lib/thumb/v7-m/nofp\libg.a(lib_a-mallocr.o)
 .debug_frame   0x00002370       0x30 c:/progra~2/gnuarm~1/102021~1.10/bin/../lib/gcc/arm-none-eabi/10.3.1/../../../../arm-none-eabi/lib/thumb/v7-m/nofp\libg.a(lib_a-mlock.o)
 .debug_frame   0x000023a0       0x2c c:/progra~2/gnuarm~1/102021~1.10/bin/../lib/gcc/arm-none-eabi/10.3.1/../../../../arm-none-eabi/lib/thumb/v7-m/nofp\libg.a(lib_a-sbrkr.o)
 .debug_frame   0x000023cc       0x8c c:/progra~2/gnuarm~1/102021~1.10/bin/../lib/gcc/arm-none-eabi/10.3.1/../../../../arm-none-eabi/lib/thumb/v7-m/nofp\libg.a(lib_a-stdio.o)
 .debug_frame   0x00002458       0x2c c:/progra~2/gnuarm~1/102021~1.10/bin/../lib/gcc/arm-none-eabi/10.3.1/../../../../arm-none-eabi/lib/thumb/v7-m/nofp\libg.a(lib_a-writer.o)
 .debug_frame   0x00002484       0x34 c:/progra~2/gnuarm~1/102021~1.10/bin/../lib/gcc/arm-none-eabi/10.3.1/../../../../arm-none-eabi/lib/thumb/v7-m/nofp\libg.a(lib_a-__atexit.o)
 .debug_frame   0x000024b8       0x2c c:/progra~2/gnuarm~1/102021~1.10/bin/../lib/gcc/arm-none-eabi/10.3.1/../../../../arm-none-eabi/lib/thumb/v7-m/nofp\libg.a(lib_a-closer.o)
 .debug_frame   0x000024e4       0x3c c:/progra~2/gnuarm~1/102021~1.10/bin/../lib/gcc/arm-none-eabi/10.3.1/../../../../arm-none-eabi/lib/thumb/v7-m/nofp\libg.a(lib_a-fclose.o)
 .debug_frame   0x00002520       0x2c c:/progra~2/gnuarm~1/102021~1.10/bin/../lib/gcc/arm-none-eabi/10.3.1/../../../../arm-none-eabi/lib/thumb/v7-m/nofp\libg.a(lib_a-fstatr.o)
 .debug_frame   0x0000254c       0x2c c:/progra~2/gnuarm~1/102021~1.10/bin/../lib/gcc/arm-none-eabi/10.3.1/../../../../arm-none-eabi/lib/thumb/v7-m/nofp\libg.a(lib_a-lseekr.o)
 .debug_frame   0x00002578       0x2c c:/progra~2/gnuarm~1/102021~1.10/bin/../lib/gcc/arm-none-eabi/10.3.1/../../../../arm-none-eabi/lib/thumb/v7-m/nofp\libg.a(lib_a-readr.o)
 .debug_frame   0x000025a4       0x64 c:/progra~2/gnuarm~1/102021~1.10/bin/../lib/gcc/arm-none-eabi/10.3.1/../../../../arm-none-eabi/lib/thumb/v7-m/nofp\libg.a(lib_a-reent.o)

.debug_loc      0x00000000     0xcf3b
 .debug_loc     0x00000000      0x389 CMakeFiles/STM32.elf.dir/Core/Src/retarget.obj
 .debug_loc     0x00000389       0x15 CMakeFiles/STM32.elf.dir/Core/Src/stm32f1xx_hal_msp.obj
 .debug_loc     0x0000039e       0x64 CMakeFiles/STM32.elf.dir/Core/Src/sysmem.obj
 .debug_loc     0x00000402       0xff CMakeFiles/STM32.elf.dir/Core/Src/system_stm32f1xx.obj
 .debug_loc     0x00000501       0xb9 CMakeFiles/STM32.elf.dir/Core/Src/tim.obj
 .debug_loc     0x000005ba       0x84 CMakeFiles/STM32.elf.dir/Core/Src/usart.obj
 .debug_loc     0x0000063e      0x141 CMakeFiles/STM32.elf.dir/Drivers/STM32F1xx_HAL_Driver/Src/stm32f1xx_hal.obj
 .debug_loc     0x0000077f      0x71f CMakeFiles/STM32.elf.dir/Drivers/STM32F1xx_HAL_Driver/Src/stm32f1xx_hal_cortex.obj
 .debug_loc     0x00000e9e      0x47d CMakeFiles/STM32.elf.dir/Drivers/STM32F1xx_HAL_Driver/Src/stm32f1xx_hal_gpio.obj
 .debug_loc     0x0000131b      0x618 CMakeFiles/STM32.elf.dir/Drivers/STM32F1xx_HAL_Driver/Src/stm32f1xx_hal_rcc.obj
 .debug_loc     0x00001933     0x50fa CMakeFiles/STM32.elf.dir/Drivers/STM32F1xx_HAL_Driver/Src/stm32f1xx_hal_tim.obj
 .debug_loc     0x00006a2d     0x1c93 CMakeFiles/STM32.elf.dir/Drivers/STM32F1xx_HAL_Driver/Src/stm32f1xx_hal_tim_ex.obj
 .debug_loc     0x000086c0     0x487b CMakeFiles/STM32.elf.dir/Drivers/STM32F1xx_HAL_Driver/Src/stm32f1xx_hal_uart.obj
